ros2 launch as2_behaviors_motion motion_behaviors_launch.py namespace:=drone0 us
e_sim_time:=true config_file:=config/config.yaml
root@irene-HP:~/sherec_nav# ros2 launch as2_behaviors_motion motion_behaviors_la
unch.py namespace:=drone0 use_sim_time:=true config_file:=config/config.yaml
[INFO] [launch]: All log files can be found below /root/.ros/log/2026-05-18-18-4
9-41-550575-irene-HP-93720
[INFO] [launch]: Default logging verbosity is set to INFO
[INFO] [follow_path_behavior_node-1]: process started with pid [93794]
[INFO] [go_to_behavior_node-2]: process started with pid [93797]
[INFO] [land_behavior_node-3]: process started with pid [93799]
[INFO] [takeoff_behavior_node-4]: process started with pid [93802]
[go_to_behavior_node-2] 2026-05-18 18:49:41.790 [RTPS_TRANSPORT_SHM Error] Faile
d to create segment 555cba71969d825a: boost::interprocess_exception::library_err
or -> Function compute_per_allocation_extra_size
[go_to_behavior_node-2] 2026-05-18 18:49:41.790 [RTPS_TRANSPORT_SHM Error] Faile
d to create Shared Memory Manager for domain fastrtps: boost::interprocess_excep
tion::library_error -> Function create
[go_to_behavior_node-2] 2026-05-18 18:49:41.790 [RTPS_PARTICIPANT Error] Unable
to Register SHM Transport. SHM Transport is not supported in the current platfor
m. -> Function RTPSParticipantImpl
[follow_path_behavior_node-1] 2026-05-18 18:49:41.795 [RTPS_TRANSPORT_SHM Error]
 Failed to create segment 55054eaa5cba0ba6: boost::interprocess_exception::libra
ry_error -> Function compute_per_allocation_extra_size
[follow_path_behavior_node-1] 2026-05-18 18:49:41.795 [RTPS_TRANSPORT_SHM Error]
 Failed to create Shared Memory Manager for domain fastrtps: boost::interprocess
_exception::library_error -> Function create
[follow_path_behavior_node-1] 2026-05-18 18:49:41.795 [RTPS_PARTICIPANT Error] U
nable to Register SHM Transport. SHM Transport is not supported in the current p
latform. -> Function RTPSParticipantImpl
[land_behavior_node-3] 2026-05-18 18:49:41.806 [RTPS_TRANSPORT_SHM Error] Failed
 to create segment 35bb96bbd30729f7: boost::interprocess_exception::library_erro
r -> Function compute_per_allocation_extra_size
[land_behavior_node-3] 2026-05-18 18:49:41.806 [RTPS_TRANSPORT_SHM Error] Failed
 to create Shared Memory Manager for domain fastrtps: boost::interprocess_except
ion::library_error -> Function create
[land_behavior_node-3] 2026-05-18 18:49:41.806 [RTPS_PARTICIPANT Error] Unable t
o Register SHM Transport. SHM Transport is not supported in the current platform
. -> Function RTPSParticipantImpl
[go_to_behavior_node-2] [INFO] [1779130181.841193412] [drone0.GoToBehavior]: Con
struct with name [GoToBehavior]
[land_behavior_node-3] [INFO] [1779130181.858371607] [drone0.LandBehavior]: Cons
truct with name [LandBehavior]
[takeoff_behavior_node-4] 2026-05-18 18:49:41.877 [RTPS_TRANSPORT_SHM Error] Fai
led to create segment bac9f6f248811db6: boost::interprocess_exception::library_e
rror -> Function compute_per_allocation_extra_size
[takeoff_behavior_node-4] 2026-05-18 18:49:41.877 [RTPS_TRANSPORT_SHM Error] Fai
led to create Shared Memory Manager for domain fastrtps: boost::interprocess_exc
eption::library_error -> Function create
[takeoff_behavior_node-4] 2026-05-18 18:49:41.878 [RTPS_PARTICIPANT Error] Unabl
e to Register SHM Transport. SHM Transport is not supported in the current platf
orm. -> Function RTPSParticipantImpl
[follow_path_behavior_node-1] [INFO] [1779130181.907142276] [drone0.FollowPathBe
havior]: Construct with name [FollowPathBehavior]
[go_to_behavior_node-2] [INFO] [1779130181.941042104] [drone0.GoToBehavior]: GO
TO BEHAVIOR PLUGIN LOADED: go_to_plugin_position::Plugin
[land_behavior_node-3] [INFO] [1779130181.963501635] [drone0.LandBehavior]: LAND
 BEHAVIOR PLUGIN LOADED: land_plugin_speed::Plugin
[takeoff_behavior_node-4] [INFO] [1779130181.972180943] [drone0.TakeoffBehavior]
: Construct with name [TakeoffBehavior]
[follow_path_behavior_node-1] [INFO] [1779130182.087323989] [drone0.FollowPathBe
havior]: FOLLOW PATH PLUGIN LOADED: follow_path_plugin_position::Plugin
[takeoff_behavior_node-4] [INFO] [1779130182.120484489] [drone0.TakeoffBehavior]
: TAKEOFF BEHAVIOR PLUGIN LOADED: takeoff_plugin_position::Plugin
[takeoff_behavior_node-4] [INFO] [1779130190.457332731] [drone0.TakeoffBehavior]
: START
[takeoff_behavior_node-4] [INFO] [1779130190.458676100] [drone0.TakeoffBehavior]
: Takeoff accepted
[takeoff_behavior_node-4] [INFO] [1779130190.458775320] [drone0.TakeoffBehavior]
: Takeoff to position: -0.000480, -0.000186, 1.080495
[takeoff_behavior_node-4] [INFO] [1779130190.458895181] [drone0.TakeoffBehavior]
: Takeoff with angle: -0.000023
[takeoff_behavior_node-4] [INFO] [1779130190.458916573] [drone0.TakeoffBehavior]
: Takeoff with speed: 0.500000
[takeoff_behavior_node-4] [INFO] [1779130190.590798932] [drone0.TakeoffBehavior]
: Setting control mode to [POSITION YAW_ANGLE UNDEFINED_FRAME ]
[takeoff_behavior_node-4] [INFO] [1779130192.802422239] [drone0.TakeoffBehavior]
: RUNNING
[takeoff_behavior_node-4] [INFO] [1779130193.302833944] [drone0.TakeoffBehavior]
: Goal succeeded
[takeoff_behavior_node-4] [INFO] [1779130193.302910036] [drone0.TakeoffBehavior]
: SUCCESS
[takeoff_behavior_node-4] [INFO] [1779130193.303579987] [drone0.TakeoffBehavior]
: Takeoff end
[follow_path_behavior_node-1] [INFO] [1779130201.205803455] [drone0.FollowPathBe
havior]: START
[follow_path_behavior_node-1] [INFO] [1779130201.205902840] [drone0.FollowPathBe
havior]: Follow path goal accepted
[follow_path_behavior_node-1] [INFO] [1779130201.206322529] [drone0.FollowPathBe
havior]: Follow path with speed: 2.000000
[follow_path_behavior_node-1] [INFO] [1779130201.206363298] [drone0.FollowPathBe
havior]: Follow path with yaw mode: 1
[follow_path_behavior_node-1] [INFO] [1779130201.206403068] [drone0.FollowPathBe
havior]: Follow path to point 0: -0.149999, -0.050000, 1.000000
[follow_path_behavior_node-1] [INFO] [1779130201.206449476] [drone0.FollowPathBe
havior]: Follow path to point 1: 2.450000, 2.550000, 1.000000
[follow_path_behavior_node-1] [INFO] [1779130201.206488718] [drone0.FollowPathBe
havior]: Follow path to point 2: 4.350000, 2.550000, 1.000000
[follow_path_behavior_node-1] [INFO] [1779130201.372583076] [drone0.FollowPathBe
havior]: RUNNING
[follow_path_behavior_node-1] [INFO] [1779130208.505760249] [drone0.FollowPathBe
havior]: RUNNING
[follow_path_behavior_node-1] [INFO] [1779130209.375676700] [drone0.FollowPathBe
havior]: Goal succeeded
[follow_path_behavior_node-1] [INFO] [1779130209.375753465] [drone0.FollowPathBe
havior]: SUCCESS
[follow_path_behavior_node-1] [INFO] [1779130209.376952977] [drone0.FollowPathBe
havior]: Follow path end
[follow_path_behavior_node-1] [INFO] [1779130217.205724208] [drone0.FollowPathBe
havior]: START
[follow_path_behavior_node-1] [INFO] [1779130217.206412863] [drone0.FollowPathBe
havior]: Follow path goal accepted
[follow_path_behavior_node-1] [INFO] [1779130217.206459954] [drone0.FollowPathBe
havior]: Follow path with speed: 2.000000
[follow_path_behavior_node-1] [INFO] [1779130217.206506788] [drone0.FollowPathBe
havior]: Follow path with yaw mode: 1
[follow_path_behavior_node-1] [INFO] [1779130217.206533929] [drone0.FollowPathBe
havior]: Follow path to point 0: 4.250001, 2.450000, 1.000000
[follow_path_behavior_node-1] [INFO] [1779130217.206566629] [drone0.FollowPathBe
havior]: Follow path to point 1: 4.650001, 2.050000, 1.000000
[follow_path_behavior_node-1] [INFO] [1779130217.206600647] [drone0.FollowPathBe
havior]: Follow path to point 2: 5.650001, 2.050000, 1.000000
[follow_path_behavior_node-1] [INFO] [1779130217.206725812] [drone0.FollowPathBe
havior]: Follow path to point 3: 6.150001, 1.550000, 1.000000
[follow_path_behavior_node-1] [INFO] [1779130217.206763639] [drone0.FollowPathBe
havior]: Follow path to point 4: 6.150001, -0.050000, 1.000000
[follow_path_behavior_node-1] [INFO] [1779130217.372877361] [drone0.FollowPathBe
havior]: RUNNING
[follow_path_behavior_node-1] [INFO] [1779130224.506429029] [drone0.FollowPathBe
havior]: RUNNING
[follow_path_behavior_node-1] [INFO] [1779130227.539421152] [drone0.FollowPathBe
havior]: Goal succeeded
[follow_path_behavior_node-1] [INFO] [1779130227.539505762] [drone0.FollowPathBe
havior]: SUCCESS
[follow_path_behavior_node-1] [INFO] [1779130227.539677571] [drone0.FollowPathBe
havior]: Follow path end
[follow_path_behavior_node-1] [INFO] [1779130234.205759373] [drone0.FollowPathBe
havior]: START
[follow_path_behavior_node-1] [INFO] [1779130234.205899671] [drone0.FollowPathBe
havior]: Follow path goal accepted
[follow_path_behavior_node-1] [INFO] [1779130234.205927916] [drone0.FollowPathBe
havior]: Follow path with speed: 2.000000
[follow_path_behavior_node-1] [INFO] [1779130234.205944470] [drone0.FollowPathBe
havior]: Follow path with yaw mode: 1
[follow_path_behavior_node-1] [INFO] [1779130234.205958743] [drone0.FollowPathBe
havior]: Follow path to point 0: 6.050000, -0.149999, 1.000000
[follow_path_behavior_node-1] [INFO] [1779130234.205974853] [drone0.FollowPathBe
havior]: Follow path to point 1: 5.850000, -0.350000, 1.000000
[follow_path_behavior_node-1] [INFO] [1779130234.205990154] [drone0.FollowPathBe
havior]: Follow path to point 2: 5.850000, -2.050000, 1.000000
[follow_path_behavior_node-1] [INFO] [1779130234.206004464] [drone0.FollowPathBe
havior]: Follow path to point 3: 5.250001, -2.350000, 1.000000
[follow_path_behavior_node-1] [INFO] [1779130234.206020011] [drone0.FollowPathBe
havior]: Follow path to point 4: 2.050000, -2.250000, 1.000000
[follow_path_behavior_node-1] [INFO] [1779130234.206034995] [drone0.FollowPathBe
havior]: Follow path to point 5: 1.950000, -1.050000, 1.000000
[follow_path_behavior_node-1] [INFO] [1779130234.372402242] [drone0.FollowPathBe
havior]: RUNNING
[follow_path_behavior_node-1] [INFO] [1779130241.439159408] [drone0.FollowPathBe
havior]: RUNNING
[follow_path_behavior_node-1] [INFO] [1779130248.773902413] [drone0.FollowPathBe
havior]: RUNNING
[follow_path_behavior_node-1] [INFO] [1779130249.472328133] [drone0.FollowPathBe
havior]: Goal succeeded
[follow_path_behavior_node-1] [INFO] [1779130249.472399318] [drone0.FollowPathBe
havior]: SUCCESS
[follow_path_behavior_node-1] [INFO] [1779130249.472544898] [drone0.FollowPathBe
havior]: Follow path end

