ros2 launch as2_map_server point_cloud2occ_grid-map_server.launch.py namespace:=
drone0 use_sim_time:=true
root@irene-HP:~/sherec_nav# ros2 launch as2_map_server point_cloud2occ_grid-map_
server.launch.py namespace:=drone0 use_sim_time:=true
[INFO] [launch]: All log files can be found below /root/.ros/log/2026-05-18-18-4
0-46-750806-irene-HP-89199
[INFO] [launch]: Default logging verbosity is set to INFO
[INFO] [pointcloud_to_laserscan_node-1]: process started with pid [89295]
[INFO] [as2_map_server_node-2]: process started with pid [89297]
[pointcloud_to_laserscan_node-1] 2026-05-18 18:40:46.871 [RTPS_TRANSPORT_SHM Err
or] Failed to create segment 0f5f3b92dc845afc: boost::interprocess_exception::li
brary_error -> Function compute_per_allocation_extra_size
[pointcloud_to_laserscan_node-1] 2026-05-18 18:40:46.871 [RTPS_TRANSPORT_SHM Err
or] Failed to create Shared Memory Manager for domain fastrtps: boost::interproc
ess_exception::library_error -> Function create
[pointcloud_to_laserscan_node-1] 2026-05-18 18:40:46.871 [RTPS_PARTICIPANT Error
] Unable to Register SHM Transport. SHM Transport is not supported in the curren
t platform. -> Function RTPSParticipantImpl
[as2_map_server_node-2] 2026-05-18 18:40:46.877 [RTPS_TRANSPORT_SHM Error] Faile
d to create segment 2a2e35a4b043ffd5: boost::interprocess_exception::library_err
or -> Function compute_per_allocation_extra_size
[as2_map_server_node-2] 2026-05-18 18:40:46.877 [RTPS_TRANSPORT_SHM Error] Faile
d to create Shared Memory Manager for domain fastrtps: boost::interprocess_excep
tion::library_error -> Function create
[as2_map_server_node-2] 2026-05-18 18:40:46.877 [RTPS_PARTICIPANT Error] Unable
to Register SHM Transport. SHM Transport is not supported in the current platfor
m. -> Function RTPSParticipantImpl
[as2_map_server_node-2] [INFO] [1779129646.917947951] [drone0.as2_map_server]: C
onstruct with name [as2_map_server]
[as2_map_server_node-2] [INFO] [1779129646.918231243] [drone0.as2_map_server]: L
oading plugin: scan2occ_grid::Plugin
[as2_map_server_node-2] [INFO] [1779129646.936895683] [drone0.as2_map_server]: 2
D Mapping plugin setup
[as2_map_server_node-2] [INFO] [1779129646.943844241] [drone0.as2_map_server]: P
arameters: scan_range_max: 30.000000, map_resolution: 0.100000, map_width: 300,
map_height: 300
[pointcloud_to_laserscan_node-1] [INFO] [1779129646.967677223] [drone0.pointclou
d_to_laserscan]: Got a subscriber to laserscan, starting pointcloud subscriber
[as2_map_server_node-2] Lookup would require extrapolation into the past.  Reque
sted time 0.002000 but the earliest data is at time 0.010000, when looking up tr
ansform from frame [drone0/lidar/lidar_3d/gpu_ray] to frame [earth]

