ros2 launch as2_behaviors_path_planning path_planner_behavior_launch.py namespac
e:=drone0 use_sim_time:=true plugin_name:=a_star
root@irene-HP:~/sherec_nav# ros2 launch as2_behaviors_path_planning path_planner
_behavior_launch.py namespace:=drone0 use_sim_time:=true plugin_name:=a_star
[INFO] [launch]: All log files can be found below /root/.ros/log/2026-05-18-18-4
9-41-835783-irene-HP-93743
[INFO] [launch]: Default logging verbosity is set to INFO
[INFO] [as2_behaviors_path_planning_node-1]: process started with pid [93882]
[as2_behaviors_path_planning_node-1] 2026-05-18 18:49:41.986 [RTPS_TRANSPORT_SHM
 Error] Failed to create segment fc154338a8a0ae9b: boost::interprocess_exception
::library_error -> Function compute_per_allocation_extra_size
[as2_behaviors_path_planning_node-1] 2026-05-18 18:49:41.986 [RTPS_TRANSPORT_SHM
 Error] Failed to create Shared Memory Manager for domain fastrtps: boost::inter
process_exception::library_error -> Function create
[as2_behaviors_path_planning_node-1] 2026-05-18 18:49:41.986 [RTPS_PARTICIPANT E
rror] Unable to Register SHM Transport. SHM Transport is not supported in the cu
rrent platform. -> Function RTPSParticipantImpl
[as2_behaviors_path_planning_node-1] [INFO] [1779130182.022753508] [drone0.path_
planner]: Construct with name [path_planner]
[as2_behaviors_path_planning_node-1] [INFO] [1779130182.114494358] [drone0.path_
planner]: Loading plugin: a_star::Plugin
[as2_behaviors_path_planning_node-1] [INFO] [1779130182.246771590] [drone0.path_
planner]: Initializing A* plugin
[as2_behaviors_path_planning_node-1] [INFO] [1779130200.988550765] [drone0.path_
planner]: START
[as2_behaviors_path_planning_node-1] [INFO] [1779130200.989296244] [drone0.path_
planner]: Activating Path Planner Behavior to point [4.90, 1.50, 1.00]
[as2_behaviors_path_planning_node-1] [INFO] [1779130200.989360848] [drone0.path_
planner]: Activating A* plugin
[as2_behaviors_path_planning_node-1] [INFO] [1779130200.989382136] [drone0.path_
planner]: Drone pose: [-0.000980, 0.007262] (earth)
[as2_behaviors_path_planning_node-1] [INFO] [1779130200.989407446] [drone0.path_
planner]: Going to [4.895870, 1.498479] (earth)
[as2_behaviors_path_planning_node-1] [INFO] [1779130200.989426078] [drone0.path_
planner]: Target frame (earth)
[as2_behaviors_path_planning_node-1] [INFO] [1779130200.989565032] [drone0.path_
planner]: Computing first path with configured drone mask
[as2_behaviors_path_planning_node-1] [INFO] [1779130200.991135898] [drone0.path_
planner]: Publishing obstacle map
[as2_behaviors_path_planning_node-1] [ERROR] [1779130201.173948113] [drone0.path
_planner]: Path to goal not found. Goal Rejected.
[as2_behaviors_path_planning_node-1] [WARN] [1779130201.174073657] [drone0.path_
planner]: Goal point is inside an obstacle. Looking for alternative goal point.
[as2_behaviors_path_planning_node-1] [INFO] [1779130201.180804673] [drone0.path_
planner]: Found reachable known-free point closest to goal at [4.45, 2.65], cell
 (194, 176), goal cell (198, 164), squared cell distance 160.00.
[as2_behaviors_path_planning_node-1] [INFO] [1779130201.180895469] [drone0.path_
planner]: New goal point: [4.45, 2.65, 0.00]
[as2_behaviors_path_planning_node-1] [INFO] [1779130201.180923895] [drone0.path_
planner]: Activating A* plugin
[as2_behaviors_path_planning_node-1] [INFO] [1779130201.180943131] [drone0.path_
planner]: Drone pose: [-0.000980, 0.007262] (earth)
[as2_behaviors_path_planning_node-1] [INFO] [1779130201.180966059] [drone0.path_
planner]: Going to [4.450000, 2.650000] (earth)
[as2_behaviors_path_planning_node-1] [INFO] [1779130201.180997359] [drone0.path_
planner]: Target frame (earth)
[as2_behaviors_path_planning_node-1] [INFO] [1779130201.181123298] [drone0.path_
planner]: Computing first path with configured drone mask
[as2_behaviors_path_planning_node-1] [INFO] [1779130201.182058160] [drone0.path_
planner]: Publishing obstacle map
[as2_behaviors_path_planning_node-1] [INFO] [1779130201.202259016] [drone0.path_
planner]: Path size: 46
[as2_behaviors_path_planning_node-1] [INFO] [1779130201.202340597] [drone0.path_
planner]: Reduced path size: 3
[as2_behaviors_path_planning_node-1] [INFO] [1779130201.202389310] [drone0.path_
planner]: Publishing path
[as2_behaviors_path_planning_node-1] [INFO] [1779130201.202794397] [drone0.path_
planner]: Sending goal to FollowPath behavior
[as2_behaviors_path_planning_node-1] [INFO] [1779130201.244914329] [drone0.path_
planner]: FollowPath accepted, flying to point.
[as2_behaviors_path_planning_node-1] [INFO] [1779130201.347628279] [drone0.path_
planner]: Waiting for feedback from FollowPath behavior
[as2_behaviors_path_planning_node-1] [INFO] [1779130201.347713408] [drone0.path_
planner]: RUNNING
[as2_behaviors_path_planning_node-1] [INFO] [1779130208.364241834] [drone0.path_
planner]: RUNNING
[as2_behaviors_path_planning_node-1] [INFO] [1779130209.404194248] [drone0.path_
planner]: Follow Path succeeded. Goal point reached. Navigation succeeded.
[as2_behaviors_path_planning_node-1] [INFO] [1779130209.503331659] [drone0.path_
planner]: SUCCESS
[as2_behaviors_path_planning_node-1] [INFO] [1779130209.503501242] [drone0.path_
planner]: Execution ended with state: SUCCEEDED
[as2_behaviors_path_planning_node-1] [INFO] [1779130217.023738344] [drone0.path_
planner]: START
[as2_behaviors_path_planning_node-1] [INFO] [1779130217.023827315] [drone0.path_
planner]: Activating Path Planner Behavior to point [6.06, -0.01, 1.00]
[as2_behaviors_path_planning_node-1] [INFO] [1779130217.023860324] [drone0.path_
planner]: Activating A* plugin
[as2_behaviors_path_planning_node-1] [INFO] [1779130217.023875369] [drone0.path_
planner]: Drone pose: [4.347330, 2.551600] (earth)
[as2_behaviors_path_planning_node-1] [INFO] [1779130217.023894093] [drone0.path_
planner]: Going to [6.064620, -0.013809] (earth)
[as2_behaviors_path_planning_node-1] [INFO] [1779130217.023911319] [drone0.path_
planner]: Target frame (earth)
[as2_behaviors_path_planning_node-1] Recomputing path. Previous path executed 1
times.
[as2_behaviors_path_planning_node-1] [INFO] [1779130217.025417113] [drone0.path_
planner]: Publishing obstacle map
[as2_behaviors_path_planning_node-1] [ERROR] [1779130217.164908337] [drone0.path
_planner]: Path to goal not found. Goal Rejected.
[as2_behaviors_path_planning_node-1] [WARN] [1779130217.165023215] [drone0.path_
planner]: Goal point is inside an obstacle. Looking for alternative goal point.
[as2_behaviors_path_planning_node-1] [INFO] [1779130217.171723884] [drone0.path_
planner]: Found reachable known-free point closest to goal at [6.25, 0.05], cell
 (212, 150), goal cell (210, 149), squared cell distance 5.00.
[as2_behaviors_path_planning_node-1] [INFO] [1779130217.171899108] [drone0.path_
planner]: New goal point: [6.25, 0.05, 0.00]
[as2_behaviors_path_planning_node-1] [INFO] [1779130217.171940436] [drone0.path_
planner]: Activating A* plugin
[as2_behaviors_path_planning_node-1] [INFO] [1779130217.171967529] [drone0.path_
planner]: Drone pose: [4.347330, 2.551600] (earth)
[as2_behaviors_path_planning_node-1] [INFO] [1779130217.171999010] [drone0.path_
planner]: Going to [6.250001, 0.050000] (earth)
[as2_behaviors_path_planning_node-1] [INFO] [1779130217.172173769] [drone0.path_
planner]: Target frame (earth)
[as2_behaviors_path_planning_node-1] Recomputing path. Previous path executed 1
times.
[as2_behaviors_path_planning_node-1] [INFO] [1779130217.173307000] [drone0.path_
planner]: Publishing obstacle map
[as2_behaviors_path_planning_node-1] [INFO] [1779130217.186794977] [drone0.path_
planner]: Path size: 36
[as2_behaviors_path_planning_node-1] [INFO] [1779130217.186896587] [drone0.path_
planner]: Reduced path size: 5
[as2_behaviors_path_planning_node-1] [INFO] [1779130217.186925129] [drone0.path_
planner]: Publishing path
[as2_behaviors_path_planning_node-1] [INFO] [1779130217.187233595] [drone0.path_
planner]: Sending goal to FollowPath behavior
[as2_behaviors_path_planning_node-1] [INFO] [1779130217.229003020] [drone0.path_
planner]: FollowPath accepted, flying to point.
[as2_behaviors_path_planning_node-1] [INFO] [1779130217.334925444] [drone0.path_
planner]: RUNNING
[as2_behaviors_path_planning_node-1] [INFO] [1779130224.328112969] [drone0.path_
planner]: RUNNING
[as2_behaviors_path_planning_node-1] [INFO] [1779130227.568722856] [drone0.path_
planner]: Follow Path succeeded. Goal point reached. Navigation succeeded.
[as2_behaviors_path_planning_node-1] [INFO] [1779130227.668956890] [drone0.path_
planner]: SUCCESS
[as2_behaviors_path_planning_node-1] [INFO] [1779130227.669152588] [drone0.path_
planner]: Execution ended with state: SUCCEEDED
[as2_behaviors_path_planning_node-1] [INFO] [1779130234.028256076] [drone0.path_
planner]: START
[as2_behaviors_path_planning_node-1] [INFO] [1779130234.028328127] [drone0.path_
planner]: Activating Path Planner Behavior to point [2.55, -0.91, 1.00]
[as2_behaviors_path_planning_node-1] [INFO] [1779130234.028370650] [drone0.path_
planner]: Activating A* plugin
[as2_behaviors_path_planning_node-1] [INFO] [1779130234.028391261] [drone0.path_
planner]: Drone pose: [6.148539, -0.048144] (earth)
[as2_behaviors_path_planning_node-1] [INFO] [1779130234.028417415] [drone0.path_
planner]: Going to [2.551581, -0.910812] (earth)
[as2_behaviors_path_planning_node-1] [INFO] [1779130234.028439021] [drone0.path_
planner]: Target frame (earth)
[as2_behaviors_path_planning_node-1] Recomputing path. Previous path executed 2
times.
[as2_behaviors_path_planning_node-1] [INFO] [1779130234.029401426] [drone0.path_
planner]: Publishing obstacle map
[as2_behaviors_path_planning_node-1] [ERROR] [1779130234.155762042] [drone0.path
_planner]: Path to goal not found. Goal Rejected.
[as2_behaviors_path_planning_node-1] [WARN] [1779130234.155881657] [drone0.path_
planner]: Goal point is inside an obstacle. Looking for alternative goal point.
[as2_behaviors_path_planning_node-1] [INFO] [1779130234.162230938] [drone0.path_
planner]: Found reachable known-free point closest to goal at [2.05, -0.95], cel
l (170, 140), goal cell (175, 140), squared cell distance 25.00.
[as2_behaviors_path_planning_node-1] [INFO] [1779130234.162335704] [drone0.path_
planner]: New goal point: [2.05, -0.95, 0.00]
[as2_behaviors_path_planning_node-1] [INFO] [1779130234.162363069] [drone0.path_
planner]: Activating A* plugin
[as2_behaviors_path_planning_node-1] [INFO] [1779130234.162377341] [drone0.path_
planner]: Drone pose: [6.148539, -0.048144] (earth)
[as2_behaviors_path_planning_node-1] [INFO] [1779130234.162397237] [drone0.path_
planner]: Going to [2.050000, -0.950000] (earth)
[as2_behaviors_path_planning_node-1] [INFO] [1779130234.162416432] [drone0.path_
planner]: Target frame (earth)
[as2_behaviors_path_planning_node-1] Recomputing path. Previous path executed 2
times.
[as2_behaviors_path_planning_node-1] [INFO] [1779130234.163295785] [drone0.path_
planner]: Publishing obstacle map
[as2_behaviors_path_planning_node-1] [INFO] [1779130234.181959654] [drone0.path_
planner]: Path size: 70
[as2_behaviors_path_planning_node-1] [INFO] [1779130234.182029993] [drone0.path_
planner]: Reduced path size: 6
[as2_behaviors_path_planning_node-1] [INFO] [1779130234.182072143] [drone0.path_
planner]: Publishing path
[as2_behaviors_path_planning_node-1] [INFO] [1779130234.182440085] [drone0.path_
planner]: Sending goal to FollowPath behavior
[as2_behaviors_path_planning_node-1] [INFO] [1779130234.246913678] [drone0.path_
planner]: FollowPath accepted, flying to point.
[as2_behaviors_path_planning_node-1] [INFO] [1779130234.330963867] [drone0.path_
planner]: RUNNING
[as2_behaviors_path_planning_node-1] [INFO] [1779130241.423185656] [drone0.path_
planner]: RUNNING
[as2_behaviors_path_planning_node-1] [INFO] [1779130248.883169048] [drone0.path_
planner]: RUNNING
[as2_behaviors_path_planning_node-1] [INFO] [1779130249.503955028] [drone0.path_
planner]: Follow Path succeeded. Goal point reached. Navigation succeeded.
[as2_behaviors_path_planning_node-1] [INFO] [1779130249.583487069] [drone0.path_
planner]: SUCCESS
[as2_behaviors_path_planning_node-1] [INFO] [1779130249.583906806] [drone0.path_
planner]: Execution ended with state: SUCCEEDED

