This is pdfTeX, Version 3.141592653-2.6-1.40.22 (TeX Live 2022/dev/Debian) (preloaded format=pdflatex 2026.5.1)  1 MAY 2026 12:12
entering extended mode
 restricted \write18 enabled.
 file:line:error style messages enabled.
 %&-line parsing enabled.
**"/home/irene/project_sherec_navigation/TFM/Plantilla LaTeX_TFM/principal.tex"
(/home/irene/project_sherec_navigation/TFM/Plantilla LaTeX_TFM/principal.tex
LaTeX2e <2021-11-15> patch level 1
L3 programming layer <2022-01-21> (./dinel-upm.cls
Document Class: dinel-upm 2016/07/08 version 1.3.1 Dinel-ETSII-UPM tesis class
(/usr/share/texlive/texmf-dist/tex/latex/base/book.cls
Document Class: book 2021/10/04 v1.4n Standard LaTeX document class
(/usr/share/texlive/texmf-dist/tex/latex/base/bk12.clo
File: bk12.clo 2021/10/04 v1.4n Standard LaTeX file (size option)
)
\c@part=\count185
\c@chapter=\count186
\c@section=\count187
\c@subsection=\count188
\c@subsubsection=\count189
\c@paragraph=\count190
\c@subparagraph=\count191
\c@figure=\count192
\c@table=\count193
\abovecaptionskip=\skip47
\belowcaptionskip=\skip48
\bibindent=\dimen138
) (/usr/share/texlive/texmf-dist/tex/latex/xkeyval/xkeyval.sty
Package: xkeyval 2020/11/20 v2.8 package option processing (HA)
 (/usr/share/texlive/texmf-dist/tex/generic/xkeyval/xkeyval.tex (/usr/share/texlive/texmf-dist/tex/generic/xkeyval/xkvutils.tex
\XKV@toks=\toks16
\XKV@tempa@toks=\toks17
 (/usr/share/texlive/texmf-dist/tex/generic/xkeyval/keyval.tex))
\XKV@depth=\count194
File: xkeyval.tex 2014/12/03 v2.7a key=value parser (HA)
)) (/usr/share/texlive/texmf-dist/tex/latex/geometry/geometry.sty
Package: geometry 2020/01/02 v5.9 Page Geometry
 (/usr/share/texlive/texmf-dist/tex/generic/iftex/ifvtex.sty
Package: ifvtex 2019/10/25 v1.7 ifvtex legacy package. Use iftex instead.
 (/usr/share/texlive/texmf-dist/tex/generic/iftex/iftex.sty
Package: iftex 2020/03/06 v1.0d TeX engine tests
))
\Gm@cnth=\count195
\Gm@cntv=\count196
\c@Gm@tempcnt=\count197
\Gm@bindingoffset=\dimen139
\Gm@wd@mp=\dimen140
\Gm@odd@mp=\dimen141
\Gm@even@mp=\dimen142
\Gm@layoutwidth=\dimen143
\Gm@layoutheight=\dimen144
\Gm@layouthoffset=\dimen145
\Gm@layoutvoffset=\dimen146
\Gm@dimlist=\toks18
) (/usr/share/texlive/texmf-dist/tex/latex/setspace/setspace.sty
Package: setspace 2011/12/19 v6.7a set line spacing
) (/usr/share/texlive/texmf-dist/tex/latex/base/inputenc.sty
Package: inputenc 2021/02/14 v1.3d Input encoding file
\inpenc@prehook=\toks19
\inpenc@posthook=\toks20
) (/usr/share/texlive/texmf-dist/tex/latex/base/ifthen.sty
Package: ifthen 2020/11/24 v1.1c Standard LaTeX ifthen package (DPC)
) (/usr/share/texlive/texmf-dist/tex/latex/graphics/graphicx.sty
Package: graphicx 2021/09/16 v1.2d Enhanced LaTeX Graphics (DPC,SPQR)
 (/usr/share/texlive/texmf-dist/tex/latex/graphics/graphics.sty
Package: graphics 2021/03/04 v1.4d Standard LaTeX Graphics (DPC,SPQR)
 (/usr/share/texlive/texmf-dist/tex/latex/graphics/trig.sty
Package: trig 2021/08/11 v1.11 sin cos tan (DPC)
) (/usr/share/texlive/texmf-dist/tex/latex/graphics-cfg/graphics.cfg
File: graphics.cfg 2016/06/04 v1.11 sample graphics configuration
)
Package graphics Info: Driver file: pdftex.def on input line 107.
 (/usr/share/texlive/texmf-dist/tex/latex/graphics-def/pdftex.def
File: pdftex.def 2020/10/05 v1.2a Graphics/color driver for pdftex
))
\Gin@req@height=\dimen147
\Gin@req@width=\dimen148
) (/usr/share/texlive/texmf-dist/tex/latex/titlesec/titlesec.sty
Package: titlesec 2021/07/05 v2.14 Sectioning titles
\ttl@box=\box50
\beforetitleunit=\skip49
\aftertitleunit=\skip50
\ttl@plus=\dimen149
\ttl@minus=\dimen150
\ttl@toksa=\toks21
\titlewidth=\dimen151
\titlewidthlast=\dimen152
\titlewidthfirst=\dimen153
) (/usr/share/texlive/texmf-dist/tex/latex/graphics/color.sty
Package: color 2021/12/07 v1.3c Standard LaTeX Color (DPC)
 (/usr/share/texlive/texmf-dist/tex/latex/graphics-cfg/color.cfg
File: color.cfg 2016/01/02 v1.6 sample color configuration
)
Package color Info: Driver file: pdftex.def on input line 149.
) (/usr/share/texlive/texmf-dist/tex/latex/fancyhdr/fancyhdr.sty
Package: fancyhdr 2021/01/28 v4.0.1 Extensive control of page headers and footers
\f@nch@headwidth=\skip51
\f@nch@O@elh=\skip52
\f@nch@O@erh=\skip53
\f@nch@O@olh=\skip54
\f@nch@O@orh=\skip55
\f@nch@O@elf=\skip56
\f@nch@O@erf=\skip57
\f@nch@O@olf=\skip58
\f@nch@O@orf=\skip59
) (/usr/share/texlive/texmf-dist/tex/latex/nomencl/nomencl.sty
Package: nomencl 2021/11/10 v5.6 Nomenclature package
 (/usr/share/texlive/texmf-dist/tex/latex/koma-script/tocbasic.sty
Package: tocbasic 2021/11/13 v3.35 KOMA-Script package (handling toc-files)
 (/usr/share/texlive/texmf-dist/tex/latex/koma-script/scrbase.sty
Package: scrbase 2021/11/13 v3.35 KOMA-Script package (KOMA-Script-independent basics and keyval usage)
 (/usr/share/texlive/texmf-dist/tex/latex/koma-script/scrlfile.sty
Package: scrlfile 2021/11/13 v3.35 KOMA-Script package (file load hooks)
 (/usr/share/texlive/texmf-dist/tex/latex/koma-script/scrlfile-hook.sty
Package: scrlfile-hook 2021/11/13 v3.35 KOMA-Script package (using LaTeX hooks)
 (/usr/share/texlive/texmf-dist/tex/latex/koma-script/scrlogo.sty
Package: scrlogo 2021/11/13 v3.35 KOMA-Script package (logo)
)))
Applying: [2021/05/01] Usage of raw or classic option list on input line 252.
Already applied: [0000/00/00] Usage of raw or classic option list on input line 368.
)
\scr@dte@tocline@numberwidth=\skip60
\scr@dte@tocline@numbox=\box51
)
Package tocbasic Info: babel extension for `nlo' omitted
(tocbasic)             because of missing \bbl@set@language on input line 187.
Package tocbasic Info: babel extension for `nls' omitted
(tocbasic)             because of missing \bbl@set@language on input line 188.
\nomlabelwidth=\dimen154
\nom@tempdim=\dimen155
\nomitemsep=\skip61
) (/usr/share/texlive/texmf-dist/tex/latex/glossaries/base/glossaries.sty
Package: glossaries 2021/11/01 v4.49 (NLCT)
 (/usr/share/texlive/texmf-dist/tex/latex/mfirstuc/mfirstuc.sty
Package: mfirstuc 2021/10/15 v2.07 (NLCT)
 (/usr/share/texlive/texmf-dist/tex/latex/etoolbox/etoolbox.sty
Package: etoolbox 2020/10/05 v2.5k e-TeX tools for LaTeX (JAW)
\etb@tempcnta=\count198
)
\@glsmfirst=\toks22
\@glsmrest=\toks23
) (/usr/share/texlive/texmf-dist/tex/latex/textcase/textcase.sty
Package: textcase 2019/09/14 v1.00 Text only upper/lower case changing (DPC)
) (/usr/share/texlive/texmf-dist/tex/latex/xfor/xfor.sty
Package: xfor 2009/02/05 v1.05 (NLCT)
) (/usr/share/texlive/texmf-dist/tex/latex/datatool/datatool-base.sty
Package: datatool-base 2019/09/27 v2.32 (NLCT)
 (/usr/share/texlive/texmf-dist/tex/latex/amsmath/amsmath.sty
Package: amsmath 2021/10/15 v2.17l AMS math features
\@mathmargin=\skip62

For additional information on amsmath, use the `?' option.
(/usr/share/texlive/texmf-dist/tex/latex/amsmath/amstext.sty
Package: amstext 2021/08/26 v2.01 AMS text
 (/usr/share/texlive/texmf-dist/tex/latex/amsmath/amsgen.sty
File: amsgen.sty 1999/11/30 v2.0 generic functions
\@emptytoks=\toks24
\ex@=\dimen156
)) (/usr/share/texlive/texmf-dist/tex/latex/amsmath/amsbsy.sty
Package: amsbsy 1999/11/29 v1.2d Bold Symbols
\pmbraise@=\dimen157
) (/usr/share/texlive/texmf-dist/tex/latex/amsmath/amsopn.sty
Package: amsopn 2021/08/26 v2.02 operator names
)
\inf@bad=\count199
LaTeX Info: Redefining \frac on input line 234.
\uproot@=\count266
\leftroot@=\count267
LaTeX Info: Redefining \overline on input line 399.
\classnum@=\count268
\DOTSCASE@=\count269
LaTeX Info: Redefining \ldots on input line 496.
LaTeX Info: Redefining \dots on input line 499.
LaTeX Info: Redefining \cdots on input line 620.
\Mathstrutbox@=\box52
\strutbox@=\box53
\big@size=\dimen158
LaTeX Font Info:    Redeclaring font encoding OML on input line 743.
LaTeX Font Info:    Redeclaring font encoding OMS on input line 744.
\macc@depth=\count270
\c@MaxMatrixCols=\count271
\dotsspace@=\muskip16
\c@parentequation=\count272
\dspbrk@lvl=\count273
\tag@help=\toks25
\row@=\count274
\column@=\count275
\maxfields@=\count276
\andhelp@=\toks26
\eqnshift@=\dimen159
\alignsep@=\dimen160
\tagshift@=\dimen161
\tagwidth@=\dimen162
\totwidth@=\dimen163
\lineht@=\dimen164
\@envbody=\toks27
\multlinegap=\skip63
\multlinetaggap=\skip64
\mathdisplay@stack=\toks28
LaTeX Info: Redefining \[ on input line 2938.
LaTeX Info: Redefining \] on input line 2939.
) (/usr/share/texlive/texmf-dist/tex/latex/substr/substr.sty
Package: substr 2009/10/20 v1.2 Handle substrings
\c@su@anzahl=\count277
) (/usr/share/texlive/texmf-dist/tex/latex/datatool/datatool-fp.sty
Package: datatool-fp 2019/09/27 v2.32 (NLCT)
 (/usr/share/texlive/texmf-dist/tex/latex/fp/fp.sty
Package: fp 1995/04/02
 `Fixed Point Package', Version 0.8, April 2, 1995 (C) Michael Mehlich (/usr/share/texlive/texmf-dist/tex/latex/fp/defpattern.sty
Package: defpattern 1994/10/12
\actioncount=\count278
) (/usr/share/texlive/texmf-dist/tex/latex/fp/fp-basic.sty
Package: fp-basic 1996/05/13
\FP@xs=\count279
\FP@xia=\count280
\FP@xib=\count281
\FP@xfa=\count282
\FP@xfb=\count283
\FP@rega=\count284
\FP@regb=\count285
\FP@regs=\count286
\FP@times=\count287
) (/usr/share/texlive/texmf-dist/tex/latex/fp/fp-addons.sty
Package: fp-addons 1995/03/15
) (/usr/share/texlive/texmf-dist/tex/latex/fp/fp-snap.sty
Package: fp-snap 1995/04/05
) (/usr/share/texlive/texmf-dist/tex/latex/fp/fp-exp.sty
Package: fp-exp 1995/04/03
) (/usr/share/texlive/texmf-dist/tex/latex/fp/fp-trigo.sty
Package: fp-trigo 1995/04/14
) (/usr/share/texlive/texmf-dist/tex/latex/fp/fp-pas.sty
Package: fp-pas 1994/08/29
) (/usr/share/texlive/texmf-dist/tex/latex/fp/fp-random.sty
Package: fp-random 1995/02/23
\FPseed=\count288
) (/usr/share/texlive/texmf-dist/tex/latex/fp/fp-eqn.sty
Package: fp-eqn 1995/04/03
) (/usr/share/texlive/texmf-dist/tex/latex/fp/fp-upn.sty
Package: fp-upn 1996/10/21
) (/usr/share/texlive/texmf-dist/tex/latex/fp/fp-eval.sty
Package: fp-eval 1995/04/03
)))
\@dtl@toks=\toks29
\@dtl@tmpcount=\count289
\dtl@tmplength=\skip65
\dtl@sortresult=\count290
\@dtl@numgrpsepcount=\count291
\@dtl@datatype=\count292
\dtl@codeA=\count293
\dtl@codeB=\count294
\@dtl@foreach@level=\count295
) (/usr/share/texlive/texmf-dist/tex/latex/glossaries/base/glossaries-compatible-307.sty
Package: glossaries-compatible-307 2021/11/01 v4.49 (NLCT)
)
\gls@level=\count296
\@gls@tmpb=\toks30
\gls@tmplen=\skip66
\glskeylisttok=\toks31
\glslabeltok=\toks32
\glsshorttok=\toks33
\glslongtok=\toks34
 (/usr/share/texlive/texmf-dist/tex/latex/glossaries/styles/glossary-hypernav.sty
Package: glossary-hypernav 2021/11/01 v4.49 (NLCT)
) (/usr/share/texlive/texmf-dist/tex/latex/glossaries/styles/glossary-list.sty
Package: glossary-list 2021/11/01 v4.49 (NLCT)
\glslistdottedwidth=\skip67
) (/usr/share/texlive/texmf-dist/tex/latex/glossaries/styles/glossary-long.sty
Package: glossary-long 2021/11/01 v4.49 (NLCT)
 (/usr/share/texlive/texmf-dist/tex/latex/tools/longtable.sty
Package: longtable 2021-09-01 v4.17 Multi-page Table package (DPC)
\LTleft=\skip68
\LTright=\skip69
\LTpre=\skip70
\LTpost=\skip71
\LTchunksize=\count297
\LTcapwidth=\dimen165
\LT@head=\box54
\LT@firsthead=\box55
\LT@foot=\box56
\LT@lastfoot=\box57
\LT@gbox=\box58
\LT@cols=\count298
\LT@rows=\count299
\c@LT@tables=\count300
\c@LT@chunks=\count301
\LT@p@ftn=\toks35
)
\glsdescwidth=\skip72
\glspagelistwidth=\skip73
) (/usr/share/texlive/texmf-dist/tex/latex/glossaries/styles/glossary-super.sty
Package: glossary-super 2021/11/01 v4.49 (NLCT)
 (/usr/share/texlive/texmf-dist/tex/latex/supertabular/supertabular.sty
Package: supertabular 2020/02/02 v4.1g the supertabular environment
\c@tracingst=\count302
\ST@wd=\dimen166
\ST@rightskip=\skip74
\ST@leftskip=\skip75
\ST@parfillskip=\skip76
\ST@pageleft=\dimen167
\ST@headht=\dimen168
\ST@tailht=\dimen169
\ST@pagesofar=\dimen170
\ST@pboxht=\dimen171
\ST@lineht=\dimen172
\ST@prevht=\dimen173
\ST@toadd=\dimen174
\ST@dimen=\dimen175
\ST@pbox=\box59
)) (/usr/share/texlive/texmf-dist/tex/latex/glossaries/styles/glossary-tree.sty
Package: glossary-tree 2021/11/01 v4.49 (NLCT)
\glstreeindent=\skip77
)) (/usr/share/texlive/texmf-dist/tex/latex/epstopdf-pkg/epstopdf.sty
Package: epstopdf 2020-01-24 v2.11 Conversion with epstopdf on the fly (HO)
 (/usr/share/texlive/texmf-dist/tex/generic/infwarerr/infwarerr.sty
Package: infwarerr 2019/12/03 v1.5 Providing info/warning/error messages (HO)
) (/usr/share/texlive/texmf-dist/tex/latex/grfext/grfext.sty
Package: grfext 2019/12/03 v1.3 Manage graphics extensions (HO)
 (/usr/share/texlive/texmf-dist/tex/generic/kvdefinekeys/kvdefinekeys.sty
Package: kvdefinekeys 2019-12-19 v1.6 Define keys (HO)
)) (/usr/share/texlive/texmf-dist/tex/latex/kvoptions/kvoptions.sty
Package: kvoptions 2020-10-07 v3.14 Key value format for package options (HO)
 (/usr/share/texlive/texmf-dist/tex/generic/ltxcmds/ltxcmds.sty
Package: ltxcmds 2020-05-10 v1.25 LaTeX kernel commands for general use (HO)
) (/usr/share/texlive/texmf-dist/tex/generic/kvsetkeys/kvsetkeys.sty
Package: kvsetkeys 2019/12/15 v1.18 Key value parser (HO)
)) (/usr/share/texlive/texmf-dist/tex/generic/pdftexcmds/pdftexcmds.sty
Package: pdftexcmds 2020-06-27 v0.33 Utility functions of pdfTeX for LuaTeX (HO)
Package pdftexcmds Info: \pdf@primitive is available.
Package pdftexcmds Info: \pdf@ifprimitive is available.
Package pdftexcmds Info: \pdfdraftmode found.
) (/usr/share/texlive/texmf-dist/tex/latex/epstopdf-pkg/epstopdf-base.sty
Package: epstopdf-base 2020-01-24 v2.11 Base part for package epstopdf
Package epstopdf-base Info: Redefining graphics rule for `.eps' on input line 485.
Package grfext Info: Graphics extension search list:
(grfext)             [.pdf,.png,.jpg,.mps,.jpeg,.jbig2,.jb2,.PDF,.PNG,.JPG,.JPEG,.JBIG2,.JB2,.eps]
(grfext)             \AppendGraphicsExtensions on input line 504.
 (/usr/share/texlive/texmf-dist/tex/latex/latexconfig/epstopdf-sys.cfg
File: epstopdf-sys.cfg 2010/07/13 v1.3 Configuration of (r)epstopdf for TeX Live
))) (/usr/share/texlive/texmf-dist/tex/latex/caption/caption.sty
Package: caption 2020/10/26 v3.5g Customizing captions (AR)
 (/usr/share/texlive/texmf-dist/tex/latex/caption/caption3.sty
Package: caption3 2020/10/21 v2.2e caption3 kernel (AR)
\captionmargin=\dimen176
\captionmargin@=\dimen177
\captionwidth=\dimen178
\caption@tempdima=\dimen179
\caption@indent=\dimen180
\caption@parindent=\dimen181
\caption@hangindent=\dimen182
Package caption Info: Standard document class detected.
)
\c@caption@flags=\count303
\c@continuedfloat=\count304
Package caption Info: longtable package is loaded.
 (/usr/share/texlive/texmf-dist/tex/latex/caption/ltcaption.sty
Package: ltcaption 2020/05/30 v1.4b longtable captions (AR)
)
Package caption Info: supertabular package is loaded.
) (/usr/share/texlive/texmf-dist/tex/latex/caption/subcaption.sty
Package: subcaption 2020/10/07 v1.3j Sub-captions (AR)
\c@subfigure=\count305
\c@subtable=\count306
) (/usr/share/texlive/texmf-dist/tex/latex/emptypage/emptypage.sty
Package: emptypage 2010/05/30 v1.2 Suppress page numbers and headings on empty pages
) (/usr/share/texlive/texmf-dist/tex/generic/iftex/ifpdf.sty
Package: ifpdf 2019/10/25 v3.4 ifpdf legacy package. Use iftex instead.
) (/usr/share/texlive/texmf-dist/tex/latex/hyperref/hyperref.sty
Package: hyperref 2021-06-07 v7.00m Hypertext links for LaTeX
 (/usr/share/texlive/texmf-dist/tex/generic/pdfescape/pdfescape.sty
Package: pdfescape 2019/12/09 v1.15 Implements pdfTeX's escape features (HO)
) (/usr/share/texlive/texmf-dist/tex/latex/hycolor/hycolor.sty
Package: hycolor 2020-01-27 v1.10 Color options for hyperref/bookmark (HO)
) (/usr/share/texlive/texmf-dist/tex/latex/letltxmacro/letltxmacro.sty
Package: letltxmacro 2019/12/03 v1.6 Let assignment for LaTeX macros (HO)
) (/usr/share/texlive/texmf-dist/tex/latex/auxhook/auxhook.sty
Package: auxhook 2019-12-17 v1.6 Hooks for auxiliary files (HO)
)
\@linkdim=\dimen183
\Hy@linkcounter=\count307
\Hy@pagecounter=\count308
 (/usr/share/texlive/texmf-dist/tex/latex/hyperref/pd1enc.def
File: pd1enc.def 2021-06-07 v7.00m Hyperref: PDFDocEncoding definition (HO)
Now handling font encoding PD1 ...
... no UTF-8 mapping file for font encoding PD1
) (/usr/share/texlive/texmf-dist/tex/latex/hyperref/hyperref-langpatches.def
File: hyperref-langpatches.def 2021-06-07 v7.00m Hyperref: patches for babel languages
) (/usr/share/texlive/texmf-dist/tex/generic/intcalc/intcalc.sty
Package: intcalc 2019/12/15 v1.3 Expandable calculations with integers (HO)
) (/usr/share/texlive/texmf-dist/tex/generic/etexcmds/etexcmds.sty
Package: etexcmds 2019/12/15 v1.7 Avoid name clashes with e-TeX commands (HO)
)
\Hy@SavedSpaceFactor=\count309
 (/usr/share/texlive/texmf-dist/tex/latex/hyperref/puenc.def
File: puenc.def 2021-06-07 v7.00m Hyperref: PDF Unicode definition (HO)
Now handling font encoding PU ...
... no UTF-8 mapping file for font encoding PU
)
Package hyperref Info: Hyper figures OFF on input line 4192.
Package hyperref Info: Link nesting OFF on input line 4197.
Package hyperref Info: Hyper index ON on input line 4200.
Package hyperref Info: Plain pages OFF on input line 4207.
Package hyperref Info: Backreferencing OFF on input line 4212.
Package hyperref Info: Implicit mode ON; LaTeX internals redefined.
Package hyperref Info: Bookmarks ON on input line 4445.
\c@Hy@tempcnt=\count310
 (/usr/share/texlive/texmf-dist/tex/latex/url/url.sty
\Urlmuskip=\muskip17
Package: url 2013/09/16  ver 3.4  Verb mode for urls, etc.
)
LaTeX Info: Redefining \url on input line 4804.
\XeTeXLinkMargin=\dimen184
 (/usr/share/texlive/texmf-dist/tex/generic/bitset/bitset.sty
Package: bitset 2019/12/09 v1.3 Handle bit-vector datatype (HO)
 (/usr/share/texlive/texmf-dist/tex/generic/bigintcalc/bigintcalc.sty
Package: bigintcalc 2019/12/15 v1.5 Expandable calculations on big integers (HO)
))
\Fld@menulength=\count311
\Field@Width=\dimen185
\Fld@charsize=\dimen186
Package hyperref Info: Hyper figures OFF on input line 6076.
Package hyperref Info: Link nesting OFF on input line 6081.
Package hyperref Info: Hyper index ON on input line 6084.
Package hyperref Info: backreferencing OFF on input line 6091.
Package hyperref Info: Link coloring OFF on input line 6096.
Package hyperref Info: Link coloring with OCG OFF on input line 6101.
Package hyperref Info: PDF/A mode OFF on input line 6106.
LaTeX Info: Redefining \ref on input line 6146.
LaTeX Info: Redefining \pageref on input line 6150.
 (/usr/share/texlive/texmf-dist/tex/latex/base/atbegshi-ltx.sty
Package: atbegshi-ltx 2021/01/10 v1.0c Emulation of the original atbegshi
package with kernel methods
)
\Hy@abspage=\count312
\c@Item=\count313
\c@Hfootnote=\count314
)
Package hyperref Info: Driver (autodetected): hpdftex.
 (/usr/share/texlive/texmf-dist/tex/latex/hyperref/hpdftex.def
File: hpdftex.def 2021-06-07 v7.00m Hyperref driver for pdfTeX
 (/usr/share/texlive/texmf-dist/tex/latex/base/atveryend-ltx.sty
Package: atveryend-ltx 2020/08/19 v1.0a Emulation of the original atveryend package
with kernel methods
)
\Fld@listcount=\count315
\c@bookmark@seq@number=\count316
 (/usr/share/texlive/texmf-dist/tex/latex/rerunfilecheck/rerunfilecheck.sty
Package: rerunfilecheck 2019/12/05 v1.9 Rerun checks for auxiliary files (HO)
 (/usr/share/texlive/texmf-dist/tex/generic/uniquecounter/uniquecounter.sty
Package: uniquecounter 2019/12/15 v1.4 Provide unlimited unique counter (HO)
)
Package uniquecounter Info: New unique counter `rerunfilecheck' on input line 286.
)
\Hy@SectionHShift=\skip78
)
Package hyperref Info: Option `colorlinks' set `false' on input line 124.
 (/usr/share/texlive/texmf-dist/tex/latex/biblatex/biblatex.sty
Package: biblatex 2022/02/02 v3.17 programmable bibliographies (PK/MW)
 (/usr/share/texlive/texmf-dist/tex/latex/logreq/logreq.sty
Package: logreq 2010/08/04 v1.0 xml request logger
\lrq@indent=\count317
 (/usr/share/texlive/texmf-dist/tex/latex/logreq/logreq.def
File: logreq.def 2010/08/04 v1.0 logreq spec v1.0
))
\c@tabx@nest=\count318
\c@listtotal=\count319
\c@listcount=\count320
\c@liststart=\count321
\c@liststop=\count322
\c@citecount=\count323
\c@citetotal=\count324
\c@multicitecount=\count325
\c@multicitetotal=\count326
\c@instcount=\count327
\c@maxnames=\count328
\c@minnames=\count329
\c@maxitems=\count330
\c@minitems=\count331
\c@citecounter=\count332
\c@maxcitecounter=\count333
\c@savedcitecounter=\count334
\c@uniquelist=\count335
\c@uniquename=\count336
\c@refsection=\count337
\c@refsegment=\count338
\c@maxextratitle=\count339
\c@maxextratitleyear=\count340
\c@maxextraname=\count341
\c@maxextradate=\count342
\c@maxextraalpha=\count343
\c@abbrvpenalty=\count344
\c@highnamepenalty=\count345
\c@lownamepenalty=\count346
\c@maxparens=\count347
\c@parenlevel=\count348
\blx@tempcnta=\count349
\blx@tempcntb=\count350
\blx@tempcntc=\count351
\c@blx@maxsection=\count352
\c@blx@maxsegment@0=\count353
\blx@notetype=\count354
\blx@parenlevel@text=\count355
\blx@parenlevel@foot=\count356
\c@blx@sectionciteorder@0=\count357
\blx@entrysetcounter=\count358
\blx@biblioinstance=\count359
\labelnumberwidth=\skip79
\labelalphawidth=\skip80
\biblabelsep=\skip81
\bibitemsep=\skip82
\bibnamesep=\skip83
\bibinitsep=\skip84
\bibparsep=\skip85
\bibhang=\skip86
\blx@bcfin=\read2
\blx@bcfout=\write3
\blx@langwohyphens=\language6
\c@mincomprange=\count360
\c@maxcomprange=\count361
\c@mincompwidth=\count362
Package biblatex Info: Trying to load biblatex default data model...
Package biblatex Info: ... file 'blx-dm.def' found.
 (/usr/share/texlive/texmf-dist/tex/latex/biblatex/blx-dm.def
File: blx-dm.def 2022/02/02 v3.17 biblatex localization (PK/MW)
)
Package biblatex Info: Trying to load biblatex style data model...
Package biblatex Info: ... file 'authoryear.dbx' not found.
Package biblatex Info: Trying to load biblatex custom data model...
Package biblatex Info: ... file 'biblatex-dm.cfg' not found.
\c@afterword=\count363
\c@savedafterword=\count364
\c@annotator=\count365
\c@savedannotator=\count366
\c@author=\count367
\c@savedauthor=\count368
\c@bookauthor=\count369
\c@savedbookauthor=\count370
\c@commentator=\count371
\c@savedcommentator=\count372
\c@editor=\count373
\c@savededitor=\count374
\c@editora=\count375
\c@savededitora=\count376
\c@editorb=\count377
\c@savededitorb=\count378
\c@editorc=\count379
\c@savededitorc=\count380
\c@foreword=\count381
\c@savedforeword=\count382
\c@holder=\count383
\c@savedholder=\count384
\c@introduction=\count385
\c@savedintroduction=\count386
\c@namea=\count387
\c@savednamea=\count388
\c@nameb=\count389
\c@savednameb=\count390
\c@namec=\count391
\c@savednamec=\count392
\c@translator=\count393
\c@savedtranslator=\count394
\c@shortauthor=\count395
\c@savedshortauthor=\count396
\c@shorteditor=\count397
\c@savedshorteditor=\count398
\c@labelname=\count399
\c@savedlabelname=\count400
\c@institution=\count401
\c@savedinstitution=\count402
\c@lista=\count403
\c@savedlista=\count404
\c@listb=\count405
\c@savedlistb=\count406
\c@listc=\count407
\c@savedlistc=\count408
\c@listd=\count409
\c@savedlistd=\count410
\c@liste=\count411
\c@savedliste=\count412
\c@listf=\count413
\c@savedlistf=\count414
\c@location=\count415
\c@savedlocation=\count416
\c@organization=\count417
\c@savedorganization=\count418
\c@origlocation=\count419
\c@savedoriglocation=\count420
\c@origpublisher=\count421
\c@savedorigpublisher=\count422
\c@publisher=\count423
\c@savedpublisher=\count424
\c@language=\count425
\c@savedlanguage=\count426
\c@origlanguage=\count427
\c@savedoriglanguage=\count428
\c@pageref=\count429
\c@savedpageref=\count430
\shorthandwidth=\skip87
\shortjournalwidth=\skip88
\shortserieswidth=\skip89
\shorttitlewidth=\skip90
\shortauthorwidth=\skip91
\shorteditorwidth=\skip92
\locallabelnumberwidth=\skip93
\locallabelalphawidth=\skip94
\localshorthandwidth=\skip95
\localshortjournalwidth=\skip96
\localshortserieswidth=\skip97
\localshorttitlewidth=\skip98
\localshortauthorwidth=\skip99
\localshorteditorwidth=\skip100
Package biblatex Info: Trying to load compatibility code...
Package biblatex Info: ... file 'blx-compat.def' found.
 (/usr/share/texlive/texmf-dist/tex/latex/biblatex/blx-compat.def
File: blx-compat.def 2022/02/02 v3.17 biblatex compatibility (PK/MW)
)
Package biblatex Info: Trying to load BibTeX backend compatibility...
Package biblatex Info: ... file 'blx-bibtex.def' found.
 (/usr/share/texlive/texmf-dist/tex/latex/biblatex/blx-bibtex.def
File: blx-bibtex.def 2022/02/02 v3.17 biblatex compatibility (PK/MW)


Package biblatex Warning: Using fall-back BibTeX(8) backend:
(biblatex)                functionality may be reduced/unavailable.

)
Package biblatex Info: Trying to load generic definitions...
Package biblatex Info: ... file 'biblatex.def' found.
 (/usr/share/texlive/texmf-dist/tex/latex/biblatex/biblatex.def
File: biblatex.def 2022/02/02 v3.17 biblatex compatibility (PK/MW)
\c@textcitecount=\count431
\c@textcitetotal=\count432
\c@textcitemaxnames=\count433
\c@biburlbigbreakpenalty=\count434
\c@biburlbreakpenalty=\count435
\c@biburlnumpenalty=\count436
\c@biburlucpenalty=\count437
\c@biburllcpenalty=\count438
\biburlbigskip=\muskip18
\biburlnumskip=\muskip19
\biburlucskip=\muskip20
\biburllcskip=\muskip21
\c@smartand=\count439
)
Package biblatex Info: Trying to load bibliography style 'authoryear'...
Package biblatex Info: ... file 'authoryear.bbx' found.
 (/usr/share/texlive/texmf-dist/tex/latex/biblatex/bbx/authoryear.bbx
File: authoryear.bbx 2022/02/02 v3.17 biblatex bibliography style (PK/MW)
Package biblatex Info: Trying to load bibliography style 'standard'...
Package biblatex Info: ... file 'standard.bbx' found.
 (/usr/share/texlive/texmf-dist/tex/latex/biblatex/bbx/standard.bbx
File: standard.bbx 2022/02/02 v3.17 biblatex bibliography style (PK/MW)
\c@bbx:relatedcount=\count440
\c@bbx:relatedtotal=\count441
))
Package biblatex Info: Trying to load citation style 'authoryear'...
Package biblatex Info: ... file 'authoryear.cbx' found.
 (/usr/share/texlive/texmf-dist/tex/latex/biblatex/cbx/authoryear.cbx
File: authoryear.cbx 2022/02/02 v3.17 biblatex citation style (PK/MW)
Package biblatex Info: Redefining '\cite'.
Package biblatex Info: Redefining '\parencite'.
Package biblatex Info: Redefining '\footcite'.
Package biblatex Info: Redefining '\footcitetext'.
Package biblatex Info: Redefining '\smartcite'.
Package biblatex Info: Redefining '\textcite'.
Package biblatex Info: Redefining '\textcites'.
)
Package biblatex Info: Trying to load configuration file...
Package biblatex Info: ... file 'biblatex.cfg' found.
 (/usr/share/texlive/texmf-dist/tex/latex/biblatex/biblatex.cfg
File: biblatex.cfg 
)
Package biblatex Info: Input encoding 'utf8' detected.
Package biblatex Info: Document encoding is UTF8 ....
 (/usr/share/texlive/texmf-dist/tex/latex/l3kernel/expl3.sty
Package: expl3 2022-01-21 L3 programming layer (loader) 
 (/usr/share/texlive/texmf-dist/tex/latex/l3backend/l3backend-pdftex.def
File: l3backend-pdftex.def 2022-01-12 L3 backend support: PDF output (pdfTeX)
\l__color_backend_stack_int=\count442
\l__pdf_internal_box=\box60
))
Package biblatex Info: ... and expl3
(biblatex)             2022-01-21 L3 programming layer (loader) 
(biblatex)             is new enough (at least 2020/04/06),
(biblatex)             setting 'casechanger=expl3'.
 (/usr/share/texlive/texmf-dist/tex/latex/biblatex/blx-case-expl3.sty (/usr/share/texlive/texmf-dist/tex/latex/l3packages/xparse/xparse.sty
Package: xparse 2022-01-12 L3 Experimental document command parser
)
Package: blx-case-expl3 2022/02/02 v3.17 expl3 case changing code for biblatex
)) (/usr/share/texlive/texmf-dist/tex/latex/csquotes/csquotes.sty
Package: csquotes 2021-02-22 v5.2l context-sensitive quotations (JAW)
\csq@reset=\count443
\csq@gtype=\count444
\csq@glevel=\count445
\csq@qlevel=\count446
\csq@maxlvl=\count447
\csq@tshold=\count448
\csq@ltx@everypar=\toks36
 (/usr/share/texlive/texmf-dist/tex/latex/csquotes/csquotes.def
File: csquotes.def 2021-02-22 v5.2l csquotes generic definitions (JAW)
)
Package csquotes Info: Trying to load configuration file 'csquotes.cfg'...
Package csquotes Info: ... configuration file loaded successfully.
 (/usr/share/texlive/texmf-dist/tex/latex/csquotes/csquotes.cfg
File: csquotes.cfg 
)
Package csquotes Info: Disabling multilingual quotes.
Package csquotes Info: Redefining alias 'default' -> 'english'.
) (/usr/share/texlive/texmf-dist/tex/generic/babel/babel.sty
Package: babel 2022/01/26 3.70 The Babel package
\babel@savecnt=\count449
\U@D=\dimen187
\l@unhyphenated=\language7
 (/usr/share/texlive/texmf-dist/tex/generic/babel/txtbabel.def)
\bbl@readstream=\read3
\bbl@dirlevel=\count450
 (/usr/share/texlive/texmf-dist/tex/generic/babel-spanish/spanish.ldf
Language: spanish.ldf 2021/05/27 v5.0q Spanish support from the babel system
\es@quottoks=\toks37
\es@quotdepth=\count451
Package babel Info: Making " an active character on input line 570.
Package babel Info: Making . an active character on input line 675.
Package babel Info: Making < an active character on input line 722.
Package babel Info: Making > an active character on input line 722.
)) (/usr/share/texlive/texmf-dist/tex/latex/datetime/datetime.sty
Package: datetime 2015/03/20 v2.60 Date Time Package
 (/usr/share/texlive/texmf-dist/tex/latex/fmtcount/fmtcount.sty
Package: fmtcount 2020/01/30 v3.07
 (/usr/share/texlive/texmf-dist/tex/latex/fmtcount/fcprefix.sty
Package: fcprefix 2012/09/28
 (/usr/share/texlive/texmf-dist/tex/latex/fmtcount/fcnumparser.sty
Package: fcnumparser 2017/06/15
\fc@digit@counter=\count452
))
\c@padzeroesN=\count453
\fc@tmpcatcode=\count454
\@DT@modctr=\count455
\@ordinalctr=\count456
\@orgargctr=\count457
\@strctr=\count458
\@tmpstrctr=\count459
\@DT@loopN=\count460
\@DT@X=\count461
) (/usr/share/texlive/texmf-dist/tex/latex/datetime/datetime-defaults.sty
Package: datetime-defaults 2013/09/10
)
\@day=\count462
\@month=\count463
\@year=\count464
\c@HOUR=\count465
\c@HOURXII=\count466
\c@MINUTE=\count467
\c@TOHOUR=\count468
\c@TOMINUTE=\count469
\c@SECOND=\count470
\currenthour=\count471
\currentminute=\count472
\currentsecond=\count473
Package datetime Info: No datetime.cfg file found, using default settings on input line 308.
\@dtctr=\count474
\dayofyear=\count475
\dayofweek=\count476
LaTeX Info: Redefining \today on input line 736.
 (/usr/share/texlive/texmf-dist/tex/latex/datetime/dt-spanish.def
File: dt-spanish.def 2013/09/10
LaTeX Info: Redefining \datespanish on input line 85.
)
\dt@a=\toks38
\dt@b=\toks39
) (/usr/share/texlive/texmf-dist/tex/latex/adjustbox/adjustbox.sty
Package: adjustbox 2020/08/19 v1.3 Adjusting TeX boxes (trim, clip, ...)
 (/usr/share/texlive/texmf-dist/tex/latex/adjustbox/adjcalc.sty
Package: adjcalc 2012/05/16 v1.1 Provides advanced setlength with multiple back-ends (calc, etex, pgfmath)
) (/usr/share/texlive/texmf-dist/tex/latex/adjustbox/trimclip.sty
Package: trimclip 2020/08/19 v1.2 Trim and clip general TeX material
 (/usr/share/texlive/texmf-dist/tex/latex/collectbox/collectbox.sty
Package: collectbox 2012/05/17 v0.4b Collect macro arguments as boxes
\collectedbox=\box61
)
\tc@llx=\dimen188
\tc@lly=\dimen189
\tc@urx=\dimen190
\tc@ury=\dimen191
Package trimclip Info: Using driver 'tc-pdftex.def'.
 (/usr/share/texlive/texmf-dist/tex/latex/adjustbox/tc-pdftex.def
File: tc-pdftex.def 2019/01/04 v2.2 Clipping driver for pdftex
))
\adjbox@Width=\dimen192
\adjbox@Height=\dimen193
\adjbox@Depth=\dimen194
\adjbox@Totalheight=\dimen195
\adjbox@pwidth=\dimen196
\adjbox@pheight=\dimen197
\adjbox@pdepth=\dimen198
\adjbox@ptotalheight=\dimen199
 (/usr/share/texlive/texmf-dist/tex/latex/ifoddpage/ifoddpage.sty
Package: ifoddpage 2016/04/23 v1.1 Conditionals for odd/even page detection
\c@checkoddpage=\count477
) (/usr/share/texlive/texmf-dist/tex/latex/varwidth/varwidth.sty
Package: varwidth 2009/03/30 ver 0.92;  Variable-width minipages
\@vwid@box=\box62
\sift@deathcycles=\count478
\@vwid@loff=\dimen256
\@vwid@roff=\dimen257
))
LaTeX Info: Redefining \. on input line 136.
LaTeX Info: Redefining \% on input line 136.
) (/usr/share/texlive/texmf-dist/tex/latex/blindtext/blindtext.sty
Package: blindtext 2012/01/06 V2.0 blindtext-Package
 (/usr/share/texlive/texmf-dist/tex/latex/tools/xspace.sty
Package: xspace 2014/10/28 v1.13 Space after command names (DPC,MH)
)
\c@blindtext=\count479
\c@Blindtext=\count480
\c@blind@countparstart=\count481
\blind@countxx=\count482
\blindtext@numBlindtext=\count483
\blind@countyy=\count484
\c@blindlist=\count485
\c@blindlistlevel=\count486
\c@blindlist@level=\count487
\blind@listitem=\count488
\c@blind@listcount=\count489
\c@blind@levelcount=\count490
\blind@mathformula=\count491
\blind@Mathformula=\count492
\c@blind@randomcount=\count493
\c@blind@randommax=\count494
\c@blind@pangramcount=\count495
\c@blind@pangrammax=\count496
)
\@indexfile=\write4
\openout4 = `principal.idx'.


Writing index file principal.idx
\@nomenclaturefile=\write5
\openout5 = `principal.nlo'.

Package nomencl Info: Writing nomenclature file principal.nlo on input line 59.
\glswrite=\write6
\glo@main@file=\write7
\openout7 = `principal.glo'.

Package glossaries Info: Writing glossary file principal.glo on input line 63.
\glo@acronym@file=\write8
\openout8 = `principal.acn'.

Package glossaries Info: Writing glossary file principal.acn on input line 63.

Package biblatex Warning: Conflicting options.
(biblatex)                '<namepart>inits' conflicts with 'uniquename=full'.
(biblatex)                Setting 'uniquename=init' on input line 79.

(build/principal.aux
LaTeX Info: Redefining \. on input line 33.
LaTeX Info: Redefining \% on input line 33.
LaTeX Info: Redefining \. on input line 38.
LaTeX Info: Redefining \% on input line 38.
 (build/capitulos/introduccion.aux) (build/capitulos/Objetivos.aux) (build/capitulos/Metodologia.aux) (build/capitulos/resultados.aux) (build/capitulos/conclusion.aux) (build/capitulos/presupuesto.aux))
\openout1 = `principal.aux'.

LaTeX Font Info:    Checking defaults for OML/cmm/m/it on input line 79.
LaTeX Font Info:    ... okay on input line 79.
LaTeX Font Info:    Checking defaults for OMS/cmsy/m/n on input line 79.
LaTeX Font Info:    ... okay on input line 79.
LaTeX Font Info:    Checking defaults for OT1/cmr/m/n on input line 79.
LaTeX Font Info:    ... okay on input line 79.
LaTeX Font Info:    Checking defaults for T1/cmr/m/n on input line 79.
LaTeX Font Info:    ... okay on input line 79.
LaTeX Font Info:    Checking defaults for TS1/cmr/m/n on input line 79.
LaTeX Font Info:    ... okay on input line 79.
LaTeX Font Info:    Checking defaults for OMX/cmex/m/n on input line 79.
LaTeX Font Info:    ... okay on input line 79.
LaTeX Font Info:    Checking defaults for U/cmr/m/n on input line 79.
LaTeX Font Info:    ... okay on input line 79.
LaTeX Font Info:    Checking defaults for PD1/pdf/m/n on input line 79.
LaTeX Font Info:    ... okay on input line 79.
LaTeX Font Info:    Checking defaults for PU/pdf/m/n on input line 79.
LaTeX Font Info:    ... okay on input line 79.

*geometry* driver: auto-detecting
*geometry* detected driver: pdftex
*geometry* verbose mode - [ preamble ] result:
* driver: pdftex
* paper: <default>
* layout: <same size as paper>
* layoutoffset:(h,v)=(0.0pt,0.0pt)
* modes: twoside 
* h-part:(L,W,R)=(85.35826pt, 455.24411pt, 56.9055pt)
* v-part:(T,H,B)=(71.13188pt, 702.78308pt, 71.13188pt)
* \paperwidth=597.50787pt
* \paperheight=845.04684pt
* \textwidth=455.24411pt
* \textheight=702.78308pt
* \oddsidemargin=13.08827pt
* \evensidemargin=-15.36449pt
* \topmargin=-33.0119pt
* \headheight=15.0pt
* \headsep=19.8738pt
* \topskip=12.0pt
* \footskip=30.0pt
* \marginparwidth=88.0pt
* \marginparsep=7.0pt
* \columnsep=10.0pt
* \skip\footins=10.8pt plus 4.0pt minus 2.0pt
* \hoffset=0.0pt
* \voffset=0.0pt
* \mag=1000
* \@twocolumnfalse
* \@twosidetrue
* \@mparswitchtrue
* \@reversemarginfalse
* (1in=72.27pt=25.4mm, 1cm=28.453pt)

(/usr/share/texlive/texmf-dist/tex/context/base/mkii/supp-pdf.mkii
[Loading MPS to PDF converter (version 2006.09.02).]
\scratchcounter=\count497
\scratchdimen=\dimen258
\scratchbox=\box63
\nofMPsegments=\count498
\nofMParguments=\count499
\everyMPshowfont=\toks40
\MPscratchCnt=\count500
\MPscratchDim=\dimen259
\MPnumerator=\count501
\makeMPintoPDFobject=\count502
\everyMPtoPDFconversion=\toks41
) (build/principal.glsdefs)
Package caption Info: Begin \AtBeginDocument code.
Package caption Info: hyperref package is loaded.
Package caption Info: End \AtBeginDocument code.
Package hyperref Info: Link coloring OFF on input line 79.
 (/usr/share/texlive/texmf-dist/tex/latex/hyperref/nameref.sty
Package: nameref 2021-04-02 v2.47 Cross-referencing by name of section
 (/usr/share/texlive/texmf-dist/tex/latex/refcount/refcount.sty
Package: refcount 2019/12/15 v3.6 Data extraction from label references (HO)
) (/usr/share/texlive/texmf-dist/tex/generic/gettitlestring/gettitlestring.sty
Package: gettitlestring 2019/12/15 v1.6 Cleanup title references (HO)
)
\c@section@level=\count503
)
LaTeX Info: Redefining \ref on input line 79.
LaTeX Info: Redefining \pageref on input line 79.
LaTeX Info: Redefining \nameref on input line 79.
 (build/principal.out) (build/principal.out)
\@outlinefile=\write9
\openout9 = `principal.out'.

Package biblatex Info: Trying to load language 'spanish'...
Package biblatex Info: ... file 'spanish.lbx' found.
 (/usr/share/texlive/texmf-dist/tex/latex/biblatex/lbx/spanish.lbx
File: spanish.lbx 2022/02/02 v3.17 biblatex localization (PK/MW)
)
Package biblatex Info: Input encoding 'utf8' detected.
Package biblatex Info: Automatic encoding selection.
(biblatex)             Assuming data encoding 'utf8'.
Package biblatex Info: Input encoding 'utf8' detected.
Package biblatex Info: Data encoding 'utf8' specified.
(biblatex)             No need to reencode data.
\openout3 = `principal-blx.bib'.

Package biblatex Info: Trying to load bibliographic data...
Package biblatex Info: ... file 'principal.bbl' found.
 (build/principal.bbl)
Package biblatex Info: Reference section=0 on input line 79.
Package biblatex Info: Reference segment=0 on input line 79.
LaTeX Info: Redefining \sptext on input line 79.
LaTeX Info: Redefining \. on input line 79.
LaTeX Info: Redefining \% on input line 79.
<figs/portada/UPMlogo.png, id=90, 398.4486pt x 185.0112pt>
File: figs/portada/UPMlogo.png Graphic file (type png)
<use figs/portada/UPMlogo.png>
Package pdftex.def Info: figs/portada/UPMlogo.png  used on input line 83.
(pdftex.def)             Requested size: 171.57883pt x 79.6678pt.
Package epstopdf Info: Source file: <figs/portada/logo-etsii.eps>
(epstopdf)                    date: 2020-01-22 20:45:18
(epstopdf)                    size: 587882 bytes
(epstopdf)             Output file: <figs/portada/logo-etsii-eps-converted-to.pdf>
(epstopdf)                    date: 2020-01-22 20:45:18
(epstopdf)                    size: 47353 bytes
(epstopdf)             Command: <repstopdf --outfile=figs/portada/logo-etsii-eps-converted-to.pdf figs/portada/logo-etsii.eps>
(epstopdf)             \includegraphics on input line 83.
Package epstopdf Info: Output file is already uptodate.
<figs/portada/logo-etsii-eps-converted-to.pdf, id=92, 139.52126pt x 115.43124pt>
File: figs/portada/logo-etsii-eps-converted-to.pdf Graphic file (type pdf)
<use figs/portada/logo-etsii-eps-converted-to.pdf>
Package pdftex.def Info: figs/portada/logo-etsii-eps-converted-to.pdf  used on input line 83.
(pdftex.def)             Requested size: 96.29318pt x 79.6678pt.


LaTeX Font Warning: Font shape `OT1/cmss/m/sc' in size <12> not available
(Font)              Font shape `OT1/cmr/m/sc' tried instead on input line 83.


LaTeX Font Warning: Font shape `OT1/cmss/m/sc' in size <14.4> not available
(Font)              Font shape `OT1/cmr/m/sc' tried instead on input line 83.


LaTeX Font Warning: Font shape `OT1/cmss/bx/sc' undefined
(Font)              using `OT1/cmss/bx/n' instead on input line 83.


LaTeX Font Warning: Font shape `OT1/cmss/m/sc' in size <17.28> not available
(Font)              Font shape `OT1/cmr/m/sc' tried instead on input line 83.

<figs/portada/Car_4_3.jpg, id=93, 714.41907pt x 472.01344pt>
File: figs/portada/Car_4_3.jpg Graphic file (type jpg)
<use figs/portada/Car_4_3.jpg>
Package pdftex.def Info: figs/portada/Car_4_3.jpg  used on input line 83.
(pdftex.def)             Requested size: 146.41325pt x 96.73918pt.
LaTeX Font Info:    Font shape `OT1/cmss/m/it' in size <14.4> not available
(Font)              Font shape `OT1/cmss/m/sl' tried instead on input line 83.
[1

\openout6 = `principal.ist'.

{/var/lib/texmf/fonts/map/pdftex/updmap/pdftex.map} <./figs/portada/UPMlogo.png> <./figs/portada/logo-etsii-eps-converted-to.pdf> <./figs/portada/Car_4_3.jpg>] [2

] (./primeras_hojas/dedicatoria.tex) [3

] [4

] (./primeras_hojas/agradecimientos.tex

Package blindtext Warning: spanish not defined, using English instead.
(blindtext)                 on input line 2.


Package blindtext Warning: spanish not defined, using English instead.
(blindtext)                 on input line 2.


Package blindtext Warning: spanish not defined, using English instead.
(blindtext)                 on input line 2.


Package blindtext Warning: spanish not defined, using English instead.
(blindtext)                 on input line 2.


Package blindtext Warning: spanish not defined, using English instead.
(blindtext)                 on input line 2.

[5]

Package blindtext Warning: spanish not defined, using English instead.
(blindtext)                 on input line 2.

)

Package blindtext Warning: spanish not defined, using English instead.
(blindtext)                 on input line 94.

[6] (./primeras_hojas/resumen.tex)

Package blindtext Warning: spanish not defined, using English instead.
(blindtext)                 on input line 95.


Package blindtext Warning: spanish not defined, using English instead.
(blindtext)                 on input line 95.


Package blindtext Warning: spanish not defined, using English instead.
(blindtext)                 on input line 95.


Package blindtext Warning: spanish not defined, using English instead.
(blindtext)                 on input line 95.


Package blindtext Warning: spanish not defined, using English instead.
(blindtext)                 on input line 95.


Underfull \vbox (badness 4531) has occurred while \output is active []

 [7

]

Package blindtext Warning: spanish not defined, using English instead.
(blindtext)                 on input line 95.

[8] (./primeras_hojas/abstract.tex

Package blindtext Warning: spanish not defined, using English instead.
(blindtext)                 on input line 2.


Package blindtext Warning: spanish not defined, using English instead.
(blindtext)                 on input line 2.


Package blindtext Warning: spanish not defined, using English instead.
(blindtext)                 on input line 2.


Package blindtext Warning: spanish not defined, using English instead.
(blindtext)                 on input line 2.


Package blindtext Warning: spanish not defined, using English instead.
(blindtext)                 on input line 2.


Underfull \vbox (badness 4531) has occurred while \output is active []

 [9

]

Package blindtext Warning: spanish not defined, using English instead.
(blindtext)                 on input line 2.

) [10] (./primeras_hojas/resumen_ejecutivo.tex

Package blindtext Warning: spanish not defined, using English instead.
(blindtext)                 on input line 6.

Package epstopdf Info: Source file: <figs/portada/logo-etsii.eps>
(epstopdf)                    date: 2020-01-22 20:45:18
(epstopdf)                    size: 587882 bytes
(epstopdf)             Output file: <figs/portada/logo-etsii-eps-converted-to.pdf>
(epstopdf)                    date: 2020-01-22 20:45:18
(epstopdf)                    size: 47353 bytes
(epstopdf)             Command: <repstopdf --outfile=figs/portada/logo-etsii-eps-converted-to.pdf figs/portada/logo-etsii.eps>
(epstopdf)             \includegraphics on input line 11.
Package epstopdf Info: Output file is already uptodate.
File: figs/portada/logo-etsii-eps-converted-to.pdf Graphic file (type pdf)
<use figs/portada/logo-etsii-eps-converted-to.pdf>
Package pdftex.def Info: figs/portada/logo-etsii-eps-converted-to.pdf  used on input line 11.
(pdftex.def)             Requested size: 160.44818pt x 132.74489pt.

Package blindtext Warning: spanish not defined, using English instead.
(blindtext)                 on input line 19.


Package blindtext Warning: spanish not defined, using English instead.
(blindtext)                 on input line 19.


Underfull \vbox (badness 8056) has occurred while \output is active []

 [11

]

Package blindtext Warning: spanish not defined, using English instead.
(blindtext)                 on input line 19.


Package blindtext Warning: spanish not defined, using English instead.
(blindtext)                 on input line 19.


Package blindtext Warning: spanish not defined, using English instead.
(blindtext)                 on input line 19.


Package blindtext Warning: spanish not defined, using English instead.
(blindtext)                 on input line 19.

[12])

Package blindtext Warning: spanish not defined, using English instead.
(blindtext)                 on input line 100.


Package blindtext Warning: spanish not defined, using English instead.
(blindtext)                 on input line 100.


Package blindtext Warning: spanish not defined, using English instead.
(blindtext)                 on input line 100.


Package blindtext Warning: spanish not defined, using English instead.
(blindtext)                 on input line 100.


Package blindtext Warning: spanish not defined, using English instead.
(blindtext)                 on input line 100.

[13]

Package blindtext Warning: spanish not defined, using English instead.
(blindtext)                 on input line 100.

[14] (build/principal.toc
LaTeX Info: Redefining \sptext on input line 1.
LaTeX Info: Redefining \. on input line 1.
LaTeX Info: Redefining \% on input line 1.
LaTeX Info: Redefining \sptext on input line 2.
LaTeX Info: Redefining \. on input line 2.
LaTeX Info: Redefining \% on input line 2.
 [15

])
\tf@toc=\write10
\openout10 = `principal.toc'.

 [16] (build/principal.lof
LaTeX Info: Redefining \sptext on input line 1.
LaTeX Info: Redefining \. on input line 1.
LaTeX Info: Redefining \% on input line 1.
LaTeX Info: Redefining \sptext on input line 2.
LaTeX Info: Redefining \. on input line 2.
LaTeX Info: Redefining \% on input line 2.
)
\tf@lof=\write11
\openout11 = `principal.lof'.

 [17

] [18

] (build/principal.lot
LaTeX Info: Redefining \sptext on input line 1.
LaTeX Info: Redefining \. on input line 1.
LaTeX Info: Redefining \% on input line 1.
LaTeX Info: Redefining \sptext on input line 2.
LaTeX Info: Redefining \. on input line 2.
LaTeX Info: Redefining \% on input line 2.
)
\tf@lot=\write12
\openout12 = `principal.lot'.


No file principal.nls.
No file principal.gls.
No file principal.acr.
[19] [20

]
\openout2 = `capitulos/introduccion.aux'.

 (./capitulos/introduccion.tex
Cap\'{\i }tulo 1.

Package blindtext Warning: spanish not defined, using English instead.
(blindtext)                 on input line 3.


Package blindtext Warning: spanish not defined, using English instead.
(blindtext)                 on input line 3.


Package blindtext Warning: spanish not defined, using English instead.
(blindtext)                 on input line 3.


Package blindtext Warning: spanish not defined, using English instead.
(blindtext)                 on input line 3.


Package blindtext Warning: spanish not defined, using English instead.
(blindtext)                 on input line 3.


Underfull \vbox (badness 1789) has occurred while \output is active []

 [1


]

Package blindtext Warning: spanish not defined, using English instead.
(blindtext)                 on input line 3.


Package blindtext Warning: spanish not defined, using English instead.
(blindtext)                 on input line 6.


Package blindtext Warning: spanish not defined, using English instead.
(blindtext)                 on input line 6.


Package blindtext Warning: spanish not defined, using English instead.
(blindtext)                 on input line 6.


Package blindtext Warning: spanish not defined, using English instead.
(blindtext)                 on input line 6.


Package fancyhdr Warning: \headheight is too small (15.0pt): 
(fancyhdr)                Make it at least 19.90558pt, for example:
(fancyhdr)                \setlength{\headheight}{19.90558pt}.
(fancyhdr)                You might also make \topmargin smaller to compensate:
(fancyhdr)                \addtolength{\topmargin}{-4.90558pt}.

LaTeX Info: Redefining \sptext on input line 6.
LaTeX Info: Redefining \. on input line 6.
LaTeX Info: Redefining \% on input line 6.
[2]

Package blindtext Warning: spanish not defined, using English instead.
(blindtext)                 on input line 6.


Package blindtext Warning: spanish not defined, using English instead.
(blindtext)                 on input line 6.


Package blindtext Warning: spanish not defined, using English instead.
(blindtext)                 on input line 9.


Package blindtext Warning: spanish not defined, using English instead.
(blindtext)                 on input line 9.


Package blindtext Warning: spanish not defined, using English instead.
(blindtext)                 on input line 9.


Package fancyhdr Warning: \headheight is too small (15.0pt): 
(fancyhdr)                Make it at least 19.90558pt, for example:
(fancyhdr)                \setlength{\headheight}{19.90558pt}.
(fancyhdr)                You might also make \topmargin smaller to compensate:
(fancyhdr)                \addtolength{\topmargin}{-4.90558pt}.

LaTeX Info: Redefining \sptext on input line 9.
LaTeX Info: Redefining \. on input line 9.
LaTeX Info: Redefining \% on input line 9.
[3]

Package blindtext Warning: spanish not defined, using English instead.
(blindtext)                 on input line 9.


Package blindtext Warning: spanish not defined, using English instead.
(blindtext)                 on input line 9.


Package blindtext Warning: spanish not defined, using English instead.
(blindtext)                 on input line 9.


Package blindtext Warning: spanish not defined, using English instead.
(blindtext)                 on input line 12.


Underfull \vbox (badness 10000) has occurred while \output is active []



Package fancyhdr Warning: \headheight is too small (15.0pt): 
(fancyhdr)                Make it at least 19.90558pt, for example:
(fancyhdr)                \setlength{\headheight}{19.90558pt}.
(fancyhdr)                You might also make \topmargin smaller to compensate:
(fancyhdr)                \addtolength{\topmargin}{-4.90558pt}.

LaTeX Info: Redefining \sptext on input line 12.
LaTeX Info: Redefining \. on input line 12.
LaTeX Info: Redefining \% on input line 12.
[4]

Package blindtext Warning: spanish not defined, using English instead.
(blindtext)                 on input line 15.


Package blindtext Warning: spanish not defined, using English instead.
(blindtext)                 on input line 18.


Package blindtext Warning: spanish not defined, using English instead.
(blindtext)                 on input line 21.


Package blindtext Warning: spanish not defined, using English instead.
(blindtext)                 on input line 21.


Package fancyhdr Warning: \headheight is too small (15.0pt): 
(fancyhdr)                Make it at least 19.90558pt, for example:
(fancyhdr)                \setlength{\headheight}{19.90558pt}.
(fancyhdr)                You might also make \topmargin smaller to compensate:
(fancyhdr)                \addtolength{\topmargin}{-4.90558pt}.

LaTeX Info: Redefining \sptext on input line 21.
LaTeX Info: Redefining \. on input line 21.
LaTeX Info: Redefining \% on input line 21.
[5]

Package blindtext Warning: spanish not defined, using English instead.
(blindtext)                 on input line 21.


Package blindtext Warning: spanish not defined, using English instead.
(blindtext)                 on input line 21.


Package blindtext Warning: spanish not defined, using English instead.
(blindtext)                 on input line 21.


Package blindtext Warning: spanish not defined, using English instead.
(blindtext)                 on input line 21.


Package fancyhdr Warning: \headheight is too small (15.0pt): 
(fancyhdr)                Make it at least 19.90558pt, for example:
(fancyhdr)                \setlength{\headheight}{19.90558pt}.
(fancyhdr)                You might also make \topmargin smaller to compensate:
(fancyhdr)                \addtolength{\topmargin}{-4.90558pt}.

LaTeX Info: Redefining \sptext on input line 21.
LaTeX Info: Redefining \. on input line 21.
LaTeX Info: Redefining \% on input line 21.
[6]

Package blindtext Warning: spanish not defined, using English instead.
(blindtext)                 on input line 24.


Package blindtext Warning: spanish not defined, using English instead.
(blindtext)                 on input line 24.


Package blindtext Warning: spanish not defined, using English instead.
(blindtext)                 on input line 24.


Package blindtext Warning: spanish not defined, using English instead.
(blindtext)                 on input line 24.


Package blindtext Warning: spanish not defined, using English instead.
(blindtext)                 on input line 24.


Package fancyhdr Warning: \headheight is too small (15.0pt): 
(fancyhdr)                Make it at least 19.90558pt, for example:
(fancyhdr)                \setlength{\headheight}{19.90558pt}.
(fancyhdr)                You might also make \topmargin smaller to compensate:
(fancyhdr)                \addtolength{\topmargin}{-4.90558pt}.

LaTeX Info: Redefining \sptext on input line 24.
LaTeX Info: Redefining \. on input line 24.
LaTeX Info: Redefining \% on input line 24.
[7]

Package blindtext Warning: spanish not defined, using English instead.
(blindtext)                 on input line 24.

)

Package fancyhdr Warning: \headheight is too small (15.0pt): 
(fancyhdr)                Make it at least 19.90558pt, for example:
(fancyhdr)                \setlength{\headheight}{19.90558pt}.
(fancyhdr)                You might also make \topmargin smaller to compensate:
(fancyhdr)                \addtolength{\topmargin}{-4.90558pt}.

LaTeX Info: Redefining \sptext on input line 112.
LaTeX Info: Redefining \. on input line 112.
LaTeX Info: Redefining \% on input line 112.
[8]
\openout2 = `capitulos/Objetivos.aux'.

 (./capitulos/Objetivos.tex
Cap\'{\i }tulo 2.
) [9




]
\openout2 = `capitulos/Metodologia.aux'.

 (./capitulos/metodologia.tex [10




]
Cap\'{\i }tulo 3.

Package blindtext Warning: spanish not defined, using English instead.
(blindtext)                 on input line 3.


Package blindtext Warning: spanish not defined, using English instead.
(blindtext)                 on input line 6.


Package blindtext Warning: spanish not defined, using English instead.
(blindtext)                 on input line 6.


Package blindtext Warning: spanish not defined, using English instead.
(blindtext)                 on input line 6.

[11]

Package blindtext Warning: spanish not defined, using English instead.
(blindtext)                 on input line 6.


Package blindtext Warning: spanish not defined, using English instead.
(blindtext)                 on input line 6.


Package blindtext Warning: spanish not defined, using English instead.
(blindtext)                 on input line 6.

\@gls@deffile=\write13
\openout13 = `principal.glsdefs'.


Underfull \vbox (badness 1642) has occurred while \output is active []



Package fancyhdr Warning: \headheight is too small (15.0pt): 
(fancyhdr)                Make it at least 19.90558pt, for example:
(fancyhdr)                \setlength{\headheight}{19.90558pt}.
(fancyhdr)                You might also make \topmargin smaller to compensate:
(fancyhdr)                \addtolength{\topmargin}{-4.90558pt}.

LaTeX Info: Redefining \sptext on input line 16.
LaTeX Info: Redefining \. on input line 16.
LaTeX Info: Redefining \% on input line 16.
[12]

Package blindtext Warning: spanish not defined, using English instead.
(blindtext)                 on input line 18.


Package blindtext Warning: spanish not defined, using English instead.
(blindtext)                 on input line 18.


Package blindtext Warning: spanish not defined, using English instead.
(blindtext)                 on input line 18.


Package blindtext Warning: spanish not defined, using English instead.
(blindtext)                 on input line 18.


Package blindtext Warning: spanish not defined, using English instead.
(blindtext)                 on input line 18.


Package blindtext Warning: spanish not defined, using English instead.
(blindtext)                 on input line 18.


Package fancyhdr Warning: \headheight is too small (15.0pt): 
(fancyhdr)                Make it at least 19.90558pt, for example:
(fancyhdr)                \setlength{\headheight}{19.90558pt}.
(fancyhdr)                You might also make \topmargin smaller to compensate:
(fancyhdr)                \addtolength{\topmargin}{-4.90558pt}.

LaTeX Info: Redefining \sptext on input line 18.
LaTeX Info: Redefining \. on input line 18.
LaTeX Info: Redefining \% on input line 18.
[13]
Package epstopdf Info: Source file: <figs/portada/logo-etsii.eps>
(epstopdf)                    date: 2020-01-22 20:45:18
(epstopdf)                    size: 587882 bytes
(epstopdf)             Output file: <figs/portada/logo-etsii-eps-converted-to.pdf>
(epstopdf)                    date: 2020-01-22 20:45:18
(epstopdf)                    size: 47353 bytes
(epstopdf)             Command: <repstopdf --outfile=figs/portada/logo-etsii-eps-converted-to.pdf figs/portada/logo-etsii.eps>
(epstopdf)             \includegraphics on input line 20.
Package epstopdf Info: Output file is already uptodate.
File: figs/portada/logo-etsii-eps-converted-to.pdf Graphic file (type pdf)
<use figs/portada/logo-etsii-eps-converted-to.pdf>
Package pdftex.def Info: figs/portada/logo-etsii-eps-converted-to.pdf  used on input line 20.
(pdftex.def)             Requested size: 160.44818pt x 132.74489pt.


Package blindtext Warning: spanish not defined, using English instead.
(blindtext)                 on input line 28.

)

Package fancyhdr Warning: \headheight is too small (15.0pt): 
(fancyhdr)                Make it at least 19.90558pt, for example:
(fancyhdr)                \setlength{\headheight}{19.90558pt}.
(fancyhdr)                You might also make \topmargin smaller to compensate:
(fancyhdr)                \addtolength{\topmargin}{-4.90558pt}.

LaTeX Info: Redefining \sptext on input line 114.
LaTeX Info: Redefining \. on input line 114.
LaTeX Info: Redefining \% on input line 114.
[14]

Package fancyhdr Warning: \headheight is too small (15.0pt): 
(fancyhdr)                Make it at least 19.90558pt, for example:
(fancyhdr)                \setlength{\headheight}{19.90558pt}.
(fancyhdr)                You might also make \topmargin smaller to compensate:
(fancyhdr)                \addtolength{\topmargin}{-4.90558pt}.

LaTeX Info: Redefining \sptext on input line 114.
LaTeX Info: Redefining \. on input line 114.
LaTeX Info: Redefining \% on input line 114.
[15]
\openout2 = `capitulos/resultados.aux'.

 (./capitulos/resultados.tex [16




]
Cap\'{\i }tulo 4.

Package blindtext Warning: spanish not defined, using English instead.
(blindtext)                 on input line 3.


Package blindtext Warning: spanish not defined, using English instead.
(blindtext)                 on input line 3.


Package blindtext Warning: spanish not defined, using English instead.
(blindtext)                 on input line 3.


Package blindtext Warning: spanish not defined, using English instead.
(blindtext)                 on input line 3.


Package blindtext Warning: spanish not defined, using English instead.
(blindtext)                 on input line 3.


Underfull \vbox (badness 1789) has occurred while \output is active []

 [17]

Package blindtext Warning: spanish not defined, using English instead.
(blindtext)                 on input line 3.

)

Package fancyhdr Warning: \headheight is too small (15.0pt): 
(fancyhdr)                Make it at least 19.90558pt, for example:
(fancyhdr)                \setlength{\headheight}{19.90558pt}.
(fancyhdr)                You might also make \topmargin smaller to compensate:
(fancyhdr)                \addtolength{\topmargin}{-4.90558pt}.

LaTeX Info: Redefining \sptext on input line 115.
LaTeX Info: Redefining \. on input line 115.
LaTeX Info: Redefining \% on input line 115.
[18]
\openout2 = `capitulos/conclusion.aux'.

 (./capitulos/conclusion.tex
Cap\'{\i }tulo 5.

Package blindtext Warning: spanish not defined, using English instead.
(blindtext)                 on input line 3.


Package blindtext Warning: spanish not defined, using English instead.
(blindtext)                 on input line 3.


Package blindtext Warning: spanish not defined, using English instead.
(blindtext)                 on input line 3.


Package blindtext Warning: spanish not defined, using English instead.
(blindtext)                 on input line 3.


Package blindtext Warning: spanish not defined, using English instead.
(blindtext)                 on input line 3.


Underfull \vbox (badness 1789) has occurred while \output is active []

 [19




]

Package blindtext Warning: spanish not defined, using English instead.
(blindtext)                 on input line 3.


Package fancyhdr Warning: \headheight is too small (15.0pt): 
(fancyhdr)                Make it at least 19.90558pt, for example:
(fancyhdr)                \setlength{\headheight}{19.90558pt}.
(fancyhdr)                You might also make \topmargin smaller to compensate:
(fancyhdr)                \addtolength{\topmargin}{-4.90558pt}.

LaTeX Info: Redefining \sptext on input line 4.
LaTeX Info: Redefining \. on input line 4.
LaTeX Info: Redefining \% on input line 4.
[20]
Cap\'{\i }tulo 6.
)

Package blindtext Warning: spanish not defined, using English instead.
(blindtext)                 on input line 116.


Package blindtext Warning: spanish not defined, using English instead.
(blindtext)                 on input line 116.


Package blindtext Warning: spanish not defined, using English instead.
(blindtext)                 on input line 116.


Package blindtext Warning: spanish not defined, using English instead.
(blindtext)                 on input line 116.


Package blindtext Warning: spanish not defined, using English instead.
(blindtext)                 on input line 116.


Underfull \vbox (badness 1789) has occurred while \output is active []

 [21

]

Package blindtext Warning: spanish not defined, using English instead.
(blindtext)                 on input line 116.


Package fancyhdr Warning: \headheight is too small (15.0pt): 
(fancyhdr)                Make it at least 19.90558pt, for example:
(fancyhdr)                \setlength{\headheight}{19.90558pt}.
(fancyhdr)                You might also make \topmargin smaller to compensate:
(fancyhdr)                \addtolength{\topmargin}{-4.90558pt}.

LaTeX Info: Redefining \sptext on input line 116.
LaTeX Info: Redefining \. on input line 116.
LaTeX Info: Redefining \% on input line 116.
[22]
Cap\'{\i }tulo 7.
[23



]
\openout2 = `capitulos/presupuesto.aux'.

 (./capitulos/presupuesto.tex [24


]
Ap\'{e}ndice A.

Package blindtext Warning: spanish not defined, using English instead.
(blindtext)                 on input line 3.


Package blindtext Warning: spanish not defined, using English instead.
(blindtext)                 on input line 3.


Package blindtext Warning: spanish not defined, using English instead.
(blindtext)                 on input line 3.


Package blindtext Warning: spanish not defined, using English instead.
(blindtext)                 on input line 3.


Package blindtext Warning: spanish not defined, using English instead.
(blindtext)                 on input line 3.


Underfull \vbox (badness 1789) has occurred while \output is active []

 [25]

Package blindtext Warning: spanish not defined, using English instead.
(blindtext)                 on input line 3.


Package fancyhdr Warning: \headheight is too small (15.0pt): 
(fancyhdr)                Make it at least 19.90558pt, for example:
(fancyhdr)                \setlength{\headheight}{19.90558pt}.
(fancyhdr)                You might also make \topmargin smaller to compensate:
(fancyhdr)                \addtolength{\topmargin}{-4.90558pt}.

LaTeX Info: Redefining \sptext on input line 4.
LaTeX Info: Redefining \. on input line 4.
LaTeX Info: Redefining \% on input line 4.
[26]
Ap\'{e}ndice B.
)

Package blindtext Warning: spanish not defined, using English instead.
(blindtext)                 on input line 123.


Package blindtext Warning: spanish not defined, using English instead.
(blindtext)                 on input line 123.


Package blindtext Warning: spanish not defined, using English instead.
(blindtext)                 on input line 123.


Package blindtext Warning: spanish not defined, using English instead.
(blindtext)                 on input line 123.


Package blindtext Warning: spanish not defined, using English instead.
(blindtext)                 on input line 123.


Underfull \vbox (badness 1789) has occurred while \output is active []

 [27

]

Package blindtext Warning: spanish not defined, using English instead.
(blindtext)                 on input line 123.


Package fancyhdr Warning: \headheight is too small (15.0pt): 
(fancyhdr)                Make it at least 19.90558pt, for example:
(fancyhdr)                \setlength{\headheight}{19.90558pt}.
(fancyhdr)                You might also make \topmargin smaller to compensate:
(fancyhdr)                \addtolength{\topmargin}{-4.90558pt}.

LaTeX Info: Redefining \sptext on input line 123.
LaTeX Info: Redefining \. on input line 123.
LaTeX Info: Redefining \% on input line 123.
[28] (build/principal.aux
LaTeX Info: Redefining \sptext on input line 33.
LaTeX Info: Redefining \. on input line 33.
LaTeX Info: Redefining \% on input line 33.
LaTeX Info: Redefining \sptext on input line 38.
LaTeX Info: Redefining \. on input line 38.
LaTeX Info: Redefining \% on input line 38.
 (build/capitulos/introduccion.aux) (build/capitulos/Objetivos.aux) (build/capitulos/Metodologia.aux) (build/capitulos/resultados.aux) (build/capitulos/conclusion.aux) (build/capitulos/presupuesto.aux))

LaTeX Font Warning: Some font shapes were not available, defaults substituted.

Package rerunfilecheck Info: File `principal.out' has not changed.
(rerunfilecheck)             Checksum: E664384531E0B1E82EA542172F082332;3859.
Package logreq Info: Writing requests to 'principal.run.xml'.
\openout1 = `principal.run.xml'.

 ) 
Here is how much of TeX's memory you used:
 28119 strings out of 480185
 501553 string characters out of 5894214
 1287074 words of memory out of 5000000
 45486 multiletter control sequences out of 15000+600000
 480814 words of font info for 67 fonts, out of 8000000 for 9000
 40 hyphenation exceptions out of 8191
 125i,13n,131p,1944b,2186s stack positions out of 5000i,500n,10000p,200000b,80000s
</usr/share/texlive/texmf-dist/fonts/type1/public/amsfonts/cm/cmbx10.pfb></usr/share/texlive/texmf-dist/fonts/type1/public/amsfonts/cm/cmbx12.pfb></usr/share/texlive/texmf-dist/fonts/type1/public/amsfonts/cm/cmmi12.pfb></usr/share/texlive/texmf-dist/fonts/type1/public/amsfonts/cm/cmr10.pfb></usr/share/texlive/texmf-dist/fonts/type1/public/amsfonts/cm/cmr12.pfb></usr/share/texlive/texmf-dist/fonts/type1/public/amsfonts/cm/cmss12.pfb></usr/share/texlive/texmf-dist/fonts/type1/public/amsfonts/cm/cmss8.pfb></usr/share/texlive/texmf-dist/fonts/type1/public/amsfonts/cm/cmssbx10.pfb></usr/share/texlive/texmf-dist/fonts/type1/public/amsfonts/cm/cmssi12.pfb></usr/share/texlive/texmf-dist/fonts/type1/public/amsfonts/cm/cmti12.pfb>
Output written on build/principal.pdf (48 pages, 335933 bytes).
PDF statistics:
 421 PDF objects out of 1000 (max. 8388607)
 342 compressed objects within 4 object streams
 85 named destinations out of 1000 (max. 500000)
 192 words of extra memory for PDF output out of 10000 (max. 10000000)

